Archive member included to satisfy reference by file (symbol)

c:/rt-threadstudio/workspace/pico-test/toolchain/bin/../lib/gcc/arm-none-eabi/7.3.1/../../../../arm-none-eabi/lib/thumb/v6-m\libc.a(lib_a-atoi.o)
                              build\kernel\components\drivers\misc\pin.o (atoi)
c:/rt-threadstudio/workspace/pico-test/toolchain/bin/../lib/gcc/arm-none-eabi/7.3.1/../../../../arm-none-eabi/lib/thumb/v6-m\libc.a(lib_a-calloc.o)
                              build\libraries\pico-sdk\src\rp2_common\pico_malloc\pico_malloc.o (calloc)
c:/rt-threadstudio/workspace/pico-test/toolchain/bin/../lib/gcc/arm-none-eabi/7.3.1/../../../../arm-none-eabi/lib/thumb/v6-m\libc.a(lib_a-exit.o)
                              c:/rt-threadstudio/workspace/pico-test/toolchain/bin/../lib/gcc/arm-none-eabi/7.3.1/../../../../arm-none-eabi/lib/thumb/v6-m/crt0.o (exit)
c:/rt-threadstudio/workspace/pico-test/toolchain/bin/../lib/gcc/arm-none-eabi/7.3.1/../../../../arm-none-eabi/lib/thumb/v6-m\libc.a(lib_a-impure.o)
                              c:/rt-threadstudio/workspace/pico-test/toolchain/bin/../lib/gcc/arm-none-eabi/7.3.1/../../../../arm-none-eabi/lib/thumb/v6-m\libc.a(lib_a-exit.o) (_global_impure_ptr)
c:/rt-threadstudio/workspace/pico-test/toolchain/bin/../lib/gcc/arm-none-eabi/7.3.1/../../../../arm-none-eabi/lib/thumb/v6-m\libc.a(lib_a-locale.o)
                              build\kernel\components\drivers\misc\pin.o (__locale_ctype_ptr)
c:/rt-threadstudio/workspace/pico-test/toolchain/bin/../lib/gcc/arm-none-eabi/7.3.1/../../../../arm-none-eabi/lib/thumb/v6-m\libc.a(lib_a-malloc.o)
                              build\libraries\pico-sdk\src\rp2_common\pico_malloc\pico_malloc.o (malloc)
c:/rt-threadstudio/workspace/pico-test/toolchain/bin/../lib/gcc/arm-none-eabi/7.3.1/../../../../arm-none-eabi/lib/thumb/v6-m\libc.a(lib_a-mbtowc_r.o)
                              c:/rt-threadstudio/workspace/pico-test/toolchain/bin/../lib/gcc/arm-none-eabi/7.3.1/../../../../arm-none-eabi/lib/thumb/v6-m\libc.a(lib_a-locale.o) (__ascii_mbtowc)
c:/rt-threadstudio/workspace/pico-test/toolchain/bin/../lib/gcc/arm-none-eabi/7.3.1/../../../../arm-none-eabi/lib/thumb/v6-m\libc.a(lib_a-memcmp.o)
                              build\kernel\components\finsh\shell.o (memcmp)
c:/rt-threadstudio/workspace/pico-test/toolchain/bin/../lib/gcc/arm-none-eabi/7.3.1/../../../../arm-none-eabi/lib/thumb/v6-m\libc.a(lib_a-strcat.o)
                              build\applications\main.o (strcat)
c:/rt-threadstudio/workspace/pico-test/toolchain/bin/../lib/gcc/arm-none-eabi/7.3.1/../../../../arm-none-eabi/lib/thumb/v6-m\libc.a(lib_a-strchr.o)
                              build\kernel\components\libc\compilers\common\cstring.o (strchr)
c:/rt-threadstudio/workspace/pico-test/toolchain/bin/../lib/gcc/arm-none-eabi/7.3.1/../../../../arm-none-eabi/lib/thumb/v6-m\libc.a(lib_a-strcmp.o)
                              build\kernel\components\finsh\cmd.o (strcmp)
c:/rt-threadstudio/workspace/pico-test/toolchain/bin/../lib/gcc/arm-none-eabi/7.3.1/../../../../arm-none-eabi/lib/thumb/v6-m\libc.a(lib_a-strcpy.o)
                              build\kernel\components\finsh\shell.o (strcpy)
c:/rt-threadstudio/workspace/pico-test/toolchain/bin/../lib/gcc/arm-none-eabi/7.3.1/../../../../arm-none-eabi/lib/thumb/v6-m\libc.a(lib_a-strlen-stub.o)
                              build\applications\main.o (strlen)
c:/rt-threadstudio/workspace/pico-test/toolchain/bin/../lib/gcc/arm-none-eabi/7.3.1/../../../../arm-none-eabi/lib/thumb/v6-m\libc.a(lib_a-strncat.o)
                              build\kernel\components\drivers\misc\pin.o (strncat)
c:/rt-threadstudio/workspace/pico-test/toolchain/bin/../lib/gcc/arm-none-eabi/7.3.1/../../../../arm-none-eabi/lib/thumb/v6-m\libc.a(lib_a-strncmp.o)
                              build\kernel\components\finsh\msh.o (strncmp)
c:/rt-threadstudio/workspace/pico-test/toolchain/bin/../lib/gcc/arm-none-eabi/7.3.1/../../../../arm-none-eabi/lib/thumb/v6-m\libc.a(lib_a-strncpy.o)
                              build\kernel\components\finsh\shell.o (strncpy)
c:/rt-threadstudio/workspace/pico-test/toolchain/bin/../lib/gcc/arm-none-eabi/7.3.1/../../../../arm-none-eabi/lib/thumb/v6-m\libc.a(lib_a-strrchr.o)
                              build\kernel\components\libc\compilers\common\cstring.o (strrchr)
c:/rt-threadstudio/workspace/pico-test/toolchain/bin/../lib/gcc/arm-none-eabi/7.3.1/../../../../arm-none-eabi/lib/thumb/v6-m\libc.a(lib_a-strtol.o)
                              c:/rt-threadstudio/workspace/pico-test/toolchain/bin/../lib/gcc/arm-none-eabi/7.3.1/../../../../arm-none-eabi/lib/thumb/v6-m\libc.a(lib_a-atoi.o) (_strtol_r)
c:/rt-threadstudio/workspace/pico-test/toolchain/bin/../lib/gcc/arm-none-eabi/7.3.1/../../../../arm-none-eabi/lib/thumb/v6-m\libc.a(lib_a-wctomb_r.o)
                              c:/rt-threadstudio/workspace/pico-test/toolchain/bin/../lib/gcc/arm-none-eabi/7.3.1/../../../../arm-none-eabi/lib/thumb/v6-m\libc.a(lib_a-locale.o) (__ascii_wctomb)
[...]
Memory Configuration

Name             Origin             Length             Attributes
FLASH            0x10000000         0x00200000         xr
RAM              0x20000000         0x00040000         xrw
SCRATCH_X        0x20040000         0x00001000         xrw
SCRATCH_Y        0x20041000         0x00001000         xrw
*default*        0x00000000         0xffffffff

Linker script and memory map

LOAD c:/rt-threadstudio/workspace/pico-test/toolchain/bin/../lib/gcc/arm-none-eabi/7.3.1/thumb/v6-m/crti.o
LOAD c:/rt-threadstudio/workspace/pico-test/toolchain/bin/../lib/gcc/arm-none-eabi/7.3.1/thumb/v6-m/crtbegin.o
LOAD c:/rt-threadstudio/workspace/pico-test/toolchain/bin/../lib/gcc/arm-none-eabi/7.3.1/../../../../arm-none-eabi/lib/thumb/v6-m/crt0.o
LOAD build\applications\main.o
LOAD build\board\board.o
LOAD build\drivers\adc.o
LOAD build\drivers\drv_gpio.o
LOAD build\drivers\drv_uart.o
LOAD build\libraries\generated\bs2_default_padded_checksummed.o
LOAD build\libraries\pico-sdk\src\common\pico_sync\critical_section.o
LOAD build\libraries\pico-sdk\src\common\pico_sync\lock_core.o
LOAD build\libraries\pico-sdk\src\common\pico_sync\mutex.o
LOAD build\libraries\pico-sdk\src\common\pico_sync\sem.o
LOAD build\libraries\pico-sdk\src\common\pico_time\time.o
LOAD build\libraries\pico-sdk\src\common\pico_time\timeout_helper.o
LOAD build\libraries\pico-sdk\src\common\pico_util\datetime.o
LOAD build\libraries\pico-sdk\src\common\pico_util\pheap.o
LOAD build\libraries\pico-sdk\src\common\pico_util\queue.o
LOAD build\libraries\pico-sdk\src\rp2_common\hardware_claim\claim.o
LOAD build\libraries\pico-sdk\src\rp2_common\hardware_clocks\clocks.o
LOAD build\libraries\pico-sdk\src\rp2_common\hardware_divider\divider.o
LOAD build\libraries\pico-sdk\src\rp2_common\hardware_dma\dma.o
LOAD build\libraries\pico-sdk\src\rp2_common\hardware_gpio\gpio.o
LOAD build\libraries\pico-sdk\src\rp2_common\hardware_i2c\i2c.o
LOAD build\libraries\pico-sdk\src\rp2_common\hardware_irq\irq.o
LOAD build\libraries\pico-sdk\src\rp2_common\hardware_irq\irq_handler_chain.o
LOAD build\libraries\pico-sdk\src\rp2_common\hardware_pll\pll.o
LOAD build\libraries\pico-sdk\src\rp2_common\hardware_spi\spi.o
LOAD build\libraries\pico-sdk\src\rp2_common\hardware_sync\sync.o
LOAD build\libraries\pico-sdk\src\rp2_common\hardware_timer\timer.o
LOAD build\libraries\pico-sdk\src\rp2_common\hardware_uart\uart.o
LOAD build\libraries\pico-sdk\src\rp2_common\hardware_vreg\vreg.o
LOAD build\libraries\pico-sdk\src\rp2_common\hardware_watchdog\watchdog.o
LOAD build\libraries\pico-sdk\src\rp2_common\hardware_xosc\xosc.o
LOAD build\libraries\pico-sdk\src\rp2_common\pico_bit_ops\bit_ops_aeabi.o
LOAD build\libraries\pico-sdk\src\rp2_common\pico_bootrom\bootrom.o
LOAD build\libraries\pico-sdk\src\rp2_common\pico_divider\divider.o
LOAD build\libraries\pico-sdk\src\rp2_common\pico_double\double_aeabi.o
LOAD build\libraries\pico-sdk\src\rp2_common\pico_double\double_init_rom.o
LOAD build\libraries\pico-sdk\src\rp2_common\pico_double\double_math.o
LOAD build\libraries\pico-sdk\src\rp2_common\pico_double\double_v1_rom_shim.o
LOAD build\libraries\pico-sdk\src\rp2_common\pico_float\float_aeabi.o
LOAD build\libraries\pico-sdk\src\rp2_common\pico_float\float_init_rom.o
LOAD build\libraries\pico-sdk\src\rp2_common\pico_float\float_math.o
LOAD build\libraries\pico-sdk\src\rp2_common\pico_float\float_v1_rom_shim.o
LOAD build\libraries\pico-sdk\src\rp2_common\pico_int64_ops\pico_int64_ops_aeabi.o
LOAD build\libraries\pico-sdk\src\rp2_common\pico_malloc\pico_malloc.o
LOAD build\libraries\pico-sdk\src\rp2_common\pico_mem_ops\mem_ops_aeabi.o
LOAD build\libraries\pico-sdk\src\rp2_common\pico_platform\platform.o
LOAD build\libraries\pico-sdk\src\rp2_common\pico_printf\printf.o
LOAD build\libraries\pico-sdk\src\rp2_common\pico_runtime\runtime.o
LOAD build\libraries\pico-sdk\src\rp2_common\pico_standard_link\binary_info.o
LOAD build\libraries\pico-sdk\src\rp2_common\pico_standard_link\crt0.o
LOAD build\libraries\pico-sdk\src\rp2_common\pico_standard_link\new_delete.o
LOAD build\libraries\pico-sdk\src\rp2_common\pico_stdio\stdio.o
LOAD build\libraries\pico-sdk\src\rp2_common\pico_stdio_uart\stdio_uart.o
LOAD build\libraries\pico-sdk\src\rp2_common\pico_stdlib\stdlib.o
LOAD build\kernel\components\drivers\ipc\completion.o
LOAD build\kernel\components\drivers\ipc\dataqueue.o
LOAD build\kernel\components\drivers\ipc\pipe.o
LOAD build\kernel\components\drivers\ipc\ringblk_buf.o
LOAD build\kernel\components\drivers\ipc\ringbuffer.o
LOAD build\kernel\components\drivers\ipc\waitqueue.o
LOAD build\kernel\components\drivers\ipc\workqueue.o
LOAD build\kernel\components\drivers\misc\pin.o
LOAD build\kernel\components\drivers\serial\serial.o
LOAD build\kernel\components\finsh\cmd.o
LOAD build\kernel\components\finsh\msh.o
LOAD build\kernel\components\finsh\msh_parse.o
LOAD build\kernel\components\finsh\shell.o
LOAD build\kernel\components\libc\compilers\common\cctype.o
LOAD build\kernel\components\libc\compilers\common\cstdio.o
LOAD build\kernel\components\libc\compilers\common\cstdlib.o
LOAD build\kernel\components\libc\compilers\common\cstring.o
LOAD build\kernel\components\libc\compilers\common\ctime.o
LOAD build\kernel\components\libc\compilers\common\cwchar.o
LOAD build\kernel\components\libc\compilers\newlib\syscalls.o
LOAD build\kernel\libcpu\arm\common\div0.o
LOAD build\kernel\libcpu\arm\common\showmem.o
LOAD build\kernel\libcpu\arm\cortex-m0\context_gcc.o
LOAD build\kernel\libcpu\arm\cortex-m0\cpuport.o
LOAD build\kernel\src\clock.o
LOAD build\kernel\src\components.o
LOAD build\kernel\src\device.o
LOAD build\kernel\src\idle.o
LOAD build\kernel\src\ipc.o
LOAD build\kernel\src\irq.o
LOAD build\kernel\src\kservice.o
LOAD build\kernel\src\mem.o
LOAD build\kernel\src\mempool.o
LOAD build\kernel\src\object.o
LOAD build\kernel\src\scheduler_up.o
LOAD build\kernel\src\thread.o
LOAD build\kernel\src\timer.o
LOAD c:/rt-threadstudio/workspace/pico-test/toolchain/bin/../lib/gcc/arm-none-eabi/7.3.1/../../../../arm-none-eabi/lib/thumb/v6-m\libc.a
LOAD c:/rt-threadstudio/workspace/pico-test/toolchain/bin/../lib/gcc/arm-none-eabi/7.3.1/../../../../arm-none-eabi/lib/thumb/v6-m\libm.a
START GROUP
LOAD c:/rt-threadstudio/workspace/pico-test/toolchain/bin/../lib/gcc/arm-none-eabi/7.3.1/thumb/v6-m\libgcc.a
LOAD c:/rt-threadstudio/workspace/pico-test/toolchain/bin/../lib/gcc/arm-none-eabi/7.3.1/../../../../arm-none-eabi/lib/thumb/v6-m\libc.a
END GROUP
START GROUP
LOAD c:/rt-threadstudio/workspace/pico-test/toolchain/bin/../lib/gcc/arm-none-eabi/7.3.1/thumb/v6-m\libgcc.a
LOAD c:/rt-threadstudio/workspace/pico-test/toolchain/bin/../lib/gcc/arm-none-eabi/7.3.1/../../../../arm-none-eabi/lib/thumb/v6-m\libc.a
LOAD c:/rt-threadstudio/workspace/pico-test/toolchain/bin/../lib/gcc/arm-none-eabi/7.3.1/../../../../arm-none-eabi/lib/thumb/v6-m\libnosys.a
END GROUP
LOAD c:/rt-threadstudio/workspace/pico-test/toolchain/bin/../lib/gcc/arm-none-eabi/7.3.1/thumb/v6-m/crtend.o
LOAD c:/rt-threadstudio/workspace/pico-test/toolchain/bin/../lib/gcc/arm-none-eabi/7.3.1/thumb/v6-m/crtn.o

.flash_begin    0x10000000        0x0
                0x10000000                __flash_binary_start = .

.boot2          0x10000000      0x100
                0x10000000                __boot2_start__ = .
 *(.boot2)
 .boot2         0x10000000      0x100 build\libraries\generated\bs2_default_padded_checksummed.o
                0x10000100                __boot2_end__ = .
                0x00000001                ASSERT (((__boot2_end__ - __boot2_start__) == 0x100), ERROR: Pico second stage bootloader must be 256 bytes in size)

.text           0x10000100    0x13840
                0x10000100                __reset_start = .
 *(.reset)
 .reset         0x10000100       0xc4 build\libraries\pico-sdk\src\rp2_common\pico_standard_link\crt0.o
                0x10000104                _entry_point
                0x10000196                __get_current_exception
                0x10000200                . = ALIGN (0x100)
 *fill*         0x100001c4       0x3c 
                0x10000200                __reset_end = .
                0x00000001                ASSERT (((__reset_end - __reset_start) == 0x100), ERROR: reset section should only be 256 bytes)
 *(.vectors)
 .vectors       0x10000200       0xd4 build\libraries\pico-sdk\src\rp2_common\pico_standard_link\crt0.o
                0x10000200                __vectors
                0x100002c0                isr_invalid
                0x100002c2                isr_nmi
                0x100002c4                isr_hardfault
                0x100002c6                isr_svcall
                0x100002c8                isr_pendsv
                0x100002cc                isr_irq5
                0x100002cc                isr_irq11
                0x100002cc                isr_irq31
                0x100002cc                isr_irq23
                0x100002cc                isr_irq18
                0x100002cc                isr_irq27
                0x100002cc                isr_irq28
                0x100002cc                isr_irq19
                0x100002cc                isr_irq0
                0x100002cc                isr_irq6
                0x100002cc                isr_irq13
                0x100002cc                isr_irq12
                0x100002cc                isr_irq22
                0x100002cc                __unhandled_user_irq
                0x100002cc                isr_irq17
                0x100002cc                isr_irq14
                0x100002cc                isr_irq2
                0x100002cc                isr_irq10
                0x100002cc                isr_irq8
                0x100002cc                isr_irq24
                0x100002cc                isr_irq1
                0x100002cc                isr_irq7
                0x100002cc                isr_irq21
                0x100002cc                isr_irq20
                0x100002cc                isr_irq15
                0x100002cc                isr_irq25
                0x100002cc                isr_irq30
                0x100002cc                isr_irq4
                0x100002cc                isr_irq16
                0x100002cc                isr_irq29
                0x100002cc                isr_irq26
                0x100002cc                isr_irq3
                0x100002cc                isr_irq9
                0x100002d2                unhandled_user_irq_num_in_r0
 *(.init)
 .init          0x100002d4        0x4 c:/rt-threadstudio/workspace/pico-test/toolchain/bin/../lib/gcc/arm-none-eabi/7.3.1/thumb/v6-m/crti.o
                0x100002d4                _init
 *(EXCLUDE_FILE(*libm.a: *libc.a:*lib_a-mem*.o *libgcc.a:) .text*)
 .text          0x100002d8       0x48 c:/rt-threadstudio/workspace/pico-test/toolchain/bin/../lib/gcc/arm-none-eabi/7.3.1/thumb/v6-m/crtbegin.o
 .text.tight_loop_contents
                0x10000320        0xa build\applications\main.o
 .text.hw_set_bits
                0x1000032a       0x1e build\applications\main.o
 .text.hw_xor_bits
                0x10000348       0x1e build\applications\main.o
 .text.hw_write_masked
                0x10000366       0x2a build\applications\main.o
 .text.gpio_pull_up
                0x10000390       0x1c build\applications\main.o
 .text.gpio_disable_pulls
                0x100003ac       0x1c build\applications\main.o
 .text.uart_get_index
                0x100003c8       0x24 build\applications\main.o
 .text.uart_get_hw
                0x100003ec       0x1a build\applications\main.o
 .text.uart_set_hw_flow
                0x10000406       0x5c build\applications\main.o
 .text.uart_set_format
                0x10000462       0x5e build\applications\main.o
 .text.uart_is_writable
                0x100004c0       0x26 build\applications\main.o
 .text.uart_write_blocking
                0x100004e6       0x58 build\applications\main.o
 .text.uart_putc_raw
                0x1000053e       0x22 build\applications\main.o
 .text.fancy_write
                0x10000560       0x60 build\applications\main.o
 .text.ssd1306_write
                0x100005c0       0x40 build\applications\main.o
 .text.ssd1306_init
                0x10000600      0x19c build\applications\main.o
                0x10000600                ssd1306_init
 .text.ssd1306_clear
                0x1000079c       0x20 build\applications\main.o
                0x1000079c                ssd1306_clear
 .text.ssd1306_draw_pixel
                0x100007bc       0x74 build\applications\main.o
                0x100007bc                ssd1306_draw_pixel
 .text.ssd1306_draw_square
                0x10000830       0x52 build\applications\main.o
                0x10000830                ssd1306_draw_square
 .text.ssd1306_draw_char_with_font
                0x10000882      0x140 build\applications\main.o
                0x10000882                ssd1306_draw_char_with_font
 .text.ssd1306_draw_string_with_font
                0x100009c2       0x5c build\applications\main.o
                0x100009c2                ssd1306_draw_string_with_font
 *fill*         0x10000a1e        0x2 
 .text.ssd1306_draw_string
                0x10000a20       0x30 build\applications\main.o
                0x10000a20                ssd1306_draw_string
 .text.ssd1306_show
                0x10000a50       0xb8 build\applications\main.o
                0x10000a50                ssd1306_show
 .text.send_data
                0x10000b08      0x138 build\applications\main.o
                0x10000b08                send_data
 .text.send_apikey
                0x10000c40       0xf0 build\applications\main.o
                0x10000c40                send_apikey
 .text.send_command
                0x10000d30       0x54 build\applications\main.o
                0x10000d30                send_command
 .text.temperature_high_alart
                0x10000d84       0x7c build\applications\main.o
                0x10000d84                temperature_high_alart
 .text.humidity_high_alart
                0x10000e00       0x7c build\applications\main.o
                0x10000e00                humidity_high_alart
 .text.uart1_init
                0x10000e7c       0x54 build\applications\main.o
                0x10000e7c                uart1_init
 .text.adc_gpio_init
                0x10000ed0       0x2c build\applications\main.o
 .text.adc_select_input
                0x10000efc       0x24 build\applications\main.o
 .text.adc_read
                0x10000f20       0x30 build\applications\main.o
 .text.read_from_sensor
                0x10000f50      0x1f4 build\applications\main.o
                0x10000f50                read_from_sensor
 .text.ADC_init
                0x10001144       0x1a build\applications\main.o
                0x10001144                ADC_init
 *fill*         0x1000115e        0x2 
 .text.I2C_init
                0x10001160       0x3c build\applications\main.o
                0x10001160                I2C_init
 .text.SSD1306_init
                0x1000119c       0x38 build\applications\main.o
                0x1000119c                SSD1306_init
 .text.system_init
                0x100011d4       0x1a build\applications\main.o
                0x100011d4                system_init
 *fill*         0x100011ee        0x2 
 .text.read_th  0x100011f0       0x3c build\applications\main.o
                0x100011f0                read_th
 .text.display_th
                0x1000122c      0x1b8 build\applications\main.o
                0x1000122c                display_th
 .text.data_to_cloud
                0x100013e4       0x44 build\applications\main.o
                0x100013e4                data_to_cloud
 .text.send_notification
                0x10001428       0x90 build\applications\main.o
                0x10001428                send_notification
 .text.Run      0x100014b8       0xfc build\applications\main.o
                0x100014b8                Run
 .text.main     0x100015b4       0x20 build\applications\main.o
                0x100015b4                main
 .text.set_sys_clock_khz
                0x100015d4       0x58 build\board\board.o
 .text.isr_systick
                0x1000162c       0x16 build\board\board.o
                0x1000162c                isr_systick
 *fill*         0x10001642        0x2 
 .text.systick_config
                0x10001644       0x38 build\board\board.o
                0x10001644                systick_config
 .text.rt_hw_board_init
                0x1000167c       0x8c build\board\board.o
                0x1000167c                rt_hw_board_init
 .text.tight_loop_contents
                0x10001708        0xa build\drivers\adc.o
 .text.hw_set_bits
                0x10001712       0x1e build\drivers\adc.o
 .text.hw_clear_bits
                0x10001730       0x1e build\drivers\adc.o
 *fill*         0x1000174e        0x2 
 .text.reset_block
                0x10001750       0x20 build\drivers\adc.o
 .text.unreset_block_wait
                0x10001770       0x34 build\drivers\adc.o
 .text.adc_init
                0x100017a4       0x34 build\drivers\adc.o
                0x100017a4                adc_init
 .text.gpio_pull_up
                0x100017d8       0x1c build\drivers\drv_gpio.o
 .text.gpio_pull_down
                0x100017f4       0x1c build\drivers\drv_gpio.o
 .text.gpio_disable_pulls
                0x10001810       0x1c build\drivers\drv_gpio.o
 .text.gpio_get
                0x1000182c       0x26 build\drivers\drv_gpio.o
 .text.gpio_set_mask
                0x10001852       0x18 build\drivers\drv_gpio.o
 .text.gpio_clr_mask
                0x1000186a       0x18 build\drivers\drv_gpio.o
 .text.gpio_put
                0x10001882       0x3a build\drivers\drv_gpio.o
 .text.gpio_set_dir_out_masked
                0x100018bc       0x18 build\drivers\drv_gpio.o
 .text.gpio_set_dir_in_masked
                0x100018d4       0x18 build\drivers\drv_gpio.o
 .text.gpio_set_dir
                0x100018ec       0x3a build\drivers\drv_gpio.o
 *fill*         0x10001926        0x2 
 .text.pico_pin_mode
                0x10001928       0x88 build\drivers\drv_gpio.o
 .text.pico_pin_write
                0x100019b0       0x48 build\drivers\drv_gpio.o
 .text.pico_pin_read
                0x100019f8       0x3c build\drivers\drv_gpio.o
 .text.rt_hw_gpio_init
                0x10001a34       0x20 build\drivers\drv_gpio.o
                0x10001a34                rt_hw_gpio_init
 .text.tight_loop_contents
                0x10001a54        0xa build\drivers\drv_uart.o
 .text.hw_xor_bits
                0x10001a5e       0x1e build\drivers\drv_uart.o
 .text.hw_write_masked
                0x10001a7c       0x2a build\drivers\drv_uart.o
 *fill*         0x10001aa6        0x2 
 .text.uart_get_index
                0x10001aa8       0x24 build\drivers\drv_uart.o
 .text.uart_get_hw
                0x10001acc       0x1a build\drivers\drv_uart.o
 .text.uart_set_hw_flow
                0x10001ae6       0x5c build\drivers\drv_uart.o
 .text.uart_set_format
                0x10001b42       0x5e build\drivers\drv_uart.o
 .text.uart_set_irq_enables
                0x10001ba0       0x8a build\drivers\drv_uart.o
 .text.uart_set_fifo_enabled
                0x10001c2a       0x3a build\drivers\drv_uart.o
 .text.uart_is_writable
                0x10001c64       0x26 build\drivers\drv_uart.o
 .text.uart_is_readable
                0x10001c8a       0x26 build\drivers\drv_uart.o
 .text.uart_write_blocking
                0x10001cb0       0x58 build\drivers\drv_uart.o
 .text.uart_putc_raw
                0x10001d08       0x22 build\drivers\drv_uart.o
 *fill*         0x10001d2a        0x2 
 .text.pico_uart_isr
                0x10001d2c       0x30 build\drivers\drv_uart.o
                0x10001d2c                pico_uart_isr
 .text.pico_uart_configure
                0x10001d5c       0x14 build\drivers\drv_uart.o
 .text.pico_uart_control
                0x10001d70       0x4c build\drivers\drv_uart.o
 .text.pico_uart_putc
                0x10001dbc       0x2c build\drivers\drv_uart.o
 .text.pico_uart_getc
                0x10001de8       0x38 build\drivers\drv_uart.o
 .text.rt_hw_uart_init
                0x10001e20       0xa4 build\drivers\drv_uart.o
                0x10001e20                rt_hw_uart_init
 .text.pico_uart1_isr
                0x10001ec4       0x30 build\drivers\drv_uart.o
                0x10001ec4                pico_uart1_isr
 .text.pico_uart1_configure
                0x10001ef4       0x14 build\drivers\drv_uart.o
 .text.pico_uart1_control
                0x10001f08       0x44 build\drivers\drv_uart.o
 .text.pico_uart1_putc
                0x10001f4c       0x2c build\drivers\drv_uart.o
                0x10001f4c                pico_uart1_putc
 .text.pico_uart1_getc
                0x10001f78       0x38 build\drivers\drv_uart.o
 .text.rt_hw_uart1_init
                0x10001fb0       0xa4 build\drivers\drv_uart.o
                0x10001fb0                rt_hw_uart1_init
 .text.spin_lock_instance
                0x10002054       0x20 build\libraries\pico-sdk\src\common\pico_sync\lock_core.o
 .text.lock_init
                0x10002074       0x40 build\libraries\pico-sdk\src\common\pico_sync\lock_core.o
                0x10002074                lock_init
 .text.__sev    0x100020b4        0xc build\libraries\pico-sdk\src\common\pico_sync\mutex.o
 .text.__wfe    0x100020c0        0xc build\libraries\pico-sdk\src\common\pico_sync\mutex.o
 .text.__dmb    0x100020cc        0xe build\libraries\pico-sdk\src\common\pico_sync\mutex.o
 .text.__mem_fence_acquire
                0x100020da        0xe build\libraries\pico-sdk\src\common\pico_sync\mutex.o
 .text.__mem_fence_release
                0x100020e8        0xe build\libraries\pico-sdk\src\common\pico_sync\mutex.o
 .text.save_and_disable_interrupts
                0x100020f6       0x18 build\libraries\pico-sdk\src\common\pico_sync\mutex.o
 .text.restore_interrupts
                0x1000210e       0x16 build\libraries\pico-sdk\src\common\pico_sync\mutex.o
 .text.spin_lock_unsafe_blocking
                0x10002124       0x24 build\libraries\pico-sdk\src\common\pico_sync\mutex.o
 .text.spin_unlock_unsafe
                0x10002148       0x1a build\libraries\pico-sdk\src\common\pico_sync\mutex.o
 .text.spin_lock_blocking
                0x10002162       0x22 build\libraries\pico-sdk\src\common\pico_sync\mutex.o
 .text.spin_unlock
                0x10002184       0x22 build\libraries\pico-sdk\src\common\pico_sync\mutex.o
 .text.get_core_num
                0x100021a6       0x10 build\libraries\pico-sdk\src\common\pico_sync\mutex.o
 .text.mutex_init
                0x100021b6       0x24 build\libraries\pico-sdk\src\common\pico_sync\mutex.o
                0x100021b6                mutex_init
 .text.to_us_since_boot
                0x100021da       0x18 build\libraries\pico-sdk\src\common\pico_time\time.o
 .text.update_us_since_boot
                0x100021f2       0x1e build\libraries\pico-sdk\src\common\pico_time\time.o
 .text.get_absolute_time
                0x10002210       0x30 build\libraries\pico-sdk\src\common\pico_time\time.o
 .text.delayed_by_us
                0x10002240       0x76 build\libraries\pico-sdk\src\common\pico_time\time.o
 .text.absolute_time_diff_us
                0x100022b6       0x40 build\libraries\pico-sdk\src\common\pico_time\time.o
 *fill*         0x100022f6        0x2 
 .text.ph_get_node
                0x100022f8       0x54 build\libraries\pico-sdk\src\common\pico_time\time.o
 .text.ph_add_child_node
                0x1000234c       0xc4 build\libraries\pico-sdk\src\common\pico_time\time.o
 .text.ph_merge_nodes
                0x10002410       0x7e build\libraries\pico-sdk\src\common\pico_time\time.o
 .text.ph_new_node
                0x1000248e       0x50 build\libraries\pico-sdk\src\common\pico_time\time.o
 *fill*         0x100024de        0x2 
 .text.ph_insert
                0x100024e0       0x7c build\libraries\pico-sdk\src\common\pico_time\time.o
 .text.ph_peek_head
                0x1000255c       0x14 build\libraries\pico-sdk\src\common\pico_time\time.o
 .text.ph_contains
                0x10002570       0x46 build\libraries\pico-sdk\src\common\pico_time\time.o
 *fill*         0x100025b6        0x2 
 .text.ph_add_to_free_list
                0x100025b8       0x70 build\libraries\pico-sdk\src\common\pico_time\time.o
 .text.__dmb    0x10002628        0xe build\libraries\pico-sdk\src\common\pico_time\time.o
 .text.__mem_fence_acquire
                0x10002636        0xe build\libraries\pico-sdk\src\common\pico_time\time.o
 .text.__mem_fence_release
                0x10002644        0xe build\libraries\pico-sdk\src\common\pico_time\time.o
 .text.save_and_disable_interrupts
                0x10002652       0x18 build\libraries\pico-sdk\src\common\pico_time\time.o
 .text.restore_interrupts
                0x1000266a       0x16 build\libraries\pico-sdk\src\common\pico_time\time.o
 .text.spin_lock_instance
                0x10002680       0x20 build\libraries\pico-sdk\src\common\pico_time\time.o
 .text.spin_lock_unsafe_blocking
                0x100026a0       0x24 build\libraries\pico-sdk\src\common\pico_time\time.o
 .text.spin_unlock_unsafe
                0x100026c4       0x1a build\libraries\pico-sdk\src\common\pico_time\time.o
 .text.spin_lock_blocking
                0x100026de       0x22 build\libraries\pico-sdk\src\common\pico_time\time.o
 .text.spin_unlock
                0x10002700       0x22 build\libraries\pico-sdk\src\common\pico_time\time.o
 .text.gpio_set_mask
                0x10002722       0x18 build\libraries\pico-sdk\src\common\pico_time\time.o
 .text.gpio_clr_mask
                0x1000273a       0x18 build\libraries\pico-sdk\src\common\pico_time\time.o
 *fill*         0x10002752        0x2 
 .text.alarm_pool_init_default
                0x10002754       0x24 build\libraries\pico-sdk\src\common\pico_time\time.o
                0x10002754                alarm_pool_init_default
 .text.get_entry
                0x10002778       0x5c build\libraries\pico-sdk\src\common\pico_time\time.o
 .text.get_entry_id_high
                0x100027d4       0x50 build\libraries\pico-sdk\src\common\pico_time\time.o
 .text.timer_pool_entry_comparator
                0x10002824       0x76 build\libraries\pico-sdk\src\common\pico_time\time.o
                0x10002824                timer_pool_entry_comparator
 .text.make_public_id
                0x1000289a       0x26 build\libraries\pico-sdk\src\common\pico_time\time.o
 .text.add_alarm_under_lock
                0x100028c0      0x120 build\libraries\pico-sdk\src\common\pico_time\time.o
 .text.alarm_pool_alarm_callback
                0x100029e0      0x33c build\libraries\pico-sdk\src\common\pico_time\time.o
 .text.alarm_pool_create
                0x10002d1c       0xa0 build\libraries\pico-sdk\src\common\pico_time\time.o
                0x10002d1c                alarm_pool_create
 .text.ph_get_node
                0x10002dbc       0x54 build\libraries\pico-sdk\src\common\pico_util\pheap.o
 .text.ph_add_child_node
                0x10002e10       0xc4 build\libraries\pico-sdk\src\common\pico_util\pheap.o
 .text.ph_merge_nodes
                0x10002ed4       0x7e build\libraries\pico-sdk\src\common\pico_util\pheap.o
 .text.ph_peek_head
                0x10002f52       0x14 build\libraries\pico-sdk\src\common\pico_util\pheap.o
 .text.ph_remove_head
                0x10002f66       0x1c build\libraries\pico-sdk\src\common\pico_util\pheap.o
 .text.ph_create
                0x10002f82       0x50 build\libraries\pico-sdk\src\common\pico_util\pheap.o
                0x10002f82                ph_create
 .text.ph_clear
                0x10002fd2       0x6a build\libraries\pico-sdk\src\common\pico_util\pheap.o
                0x10002fd2                ph_clear
 .text.ph_merge_two_pass
                0x1000303c       0xd0 build\libraries\pico-sdk\src\common\pico_util\pheap.o
                0x1000303c                ph_merge_two_pass
 .text.ph_remove_any_head
                0x1000310c      0x120 build\libraries\pico-sdk\src\common\pico_util\pheap.o
 .text.ph_remove_head_reserve
                0x1000322c       0x46 build\libraries\pico-sdk\src\common\pico_util\pheap.o
                0x1000322c                ph_remove_head_reserve
 *fill*         0x10003272        0x2 
 .text.ph_delete
                0x10003274      0x154 build\libraries\pico-sdk\src\common\pico_util\pheap.o
                0x10003274                ph_delete
 .text.__dmb    0x100033c8        0xe build\libraries\pico-sdk\src\rp2_common\hardware_claim\claim.o
 .text.__mem_fence_acquire
                0x100033d6        0xe build\libraries\pico-sdk\src\rp2_common\hardware_claim\claim.o
 .text.__mem_fence_release
                0x100033e4        0xe build\libraries\pico-sdk\src\rp2_common\hardware_claim\claim.o
 .text.save_and_disable_interrupts
                0x100033f2       0x18 build\libraries\pico-sdk\src\rp2_common\hardware_claim\claim.o
 .text.restore_interrupts
                0x1000340a       0x16 build\libraries\pico-sdk\src\rp2_common\hardware_claim\claim.o
 .text.spin_lock_instance
                0x10003420       0x20 build\libraries\pico-sdk\src\rp2_common\hardware_claim\claim.o
 .text.spin_lock_unsafe_blocking
                0x10003440       0x24 build\libraries\pico-sdk\src\rp2_common\hardware_claim\claim.o
 .text.spin_unlock_unsafe
                0x10003464       0x1a build\libraries\pico-sdk\src\rp2_common\hardware_claim\claim.o
 .text.spin_lock_blocking
                0x1000347e       0x22 build\libraries\pico-sdk\src\rp2_common\hardware_claim\claim.o
 .text.spin_unlock
                0x100034a0       0x22 build\libraries\pico-sdk\src\rp2_common\hardware_claim\claim.o
 .text.hw_claim_lock
                0x100034c2       0x1a build\libraries\pico-sdk\src\rp2_common\hardware_claim\claim.o
                0x100034c2                hw_claim_lock
 .text.hw_claim_unlock
                0x100034dc       0x22 build\libraries\pico-sdk\src\rp2_common\hardware_claim\claim.o
                0x100034dc                hw_claim_unlock
 .text.hw_claim_or_assert
                0x100034fe       0x72 build\libraries\pico-sdk\src\rp2_common\hardware_claim\claim.o
                0x100034fe                hw_claim_or_assert
 .text.tight_loop_contents
                0x10003570        0xa build\libraries\pico-sdk\src\rp2_common\hardware_clocks\clocks.o
 .text.hw_set_bits
                0x1000357a       0x1e build\libraries\pico-sdk\src\rp2_common\hardware_clocks\clocks.o
 .text.hw_clear_bits
                0x10003598       0x1e build\libraries\pico-sdk\src\rp2_common\hardware_clocks\clocks.o
 .text.hw_xor_bits
                0x100035b6       0x1e build\libraries\pico-sdk\src\rp2_common\hardware_clocks\clocks.o
 .text.hw_write_masked
                0x100035d4       0x2a build\libraries\pico-sdk\src\rp2_common\hardware_clocks\clocks.o
 *fill*         0x100035fe        0x2 
 .text.reset_block
                0x10003600       0x20 build\libraries\pico-sdk\src\rp2_common\hardware_clocks\clocks.o
 .text.unreset_block_wait
                0x10003620       0x34 build\libraries\pico-sdk\src\rp2_common\hardware_clocks\clocks.o
 .text.has_glitchless_mux
                0x10003654       0x32 build\libraries\pico-sdk\src\rp2_common\hardware_clocks\clocks.o
 *fill*         0x10003686        0x2 
 .text.clock_configure
                0x10003688      0x1a4 build\libraries\pico-sdk\src\rp2_common\hardware_clocks\clocks.o
                0x10003688                clock_configure
 .text.clocks_init
                0x1000382c      0x148 build\libraries\pico-sdk\src\rp2_common\hardware_clocks\clocks.o
                0x1000382c                clocks_init
 .text.clock_get_hz
                0x10003974       0x24 build\libraries\pico-sdk\src\rp2_common\hardware_clocks\clocks.o
                0x10003974                clock_get_hz
 .text.frequency_count_khz
                0x10003998       0x74 build\libraries\pico-sdk\src\rp2_common\hardware_clocks\clocks.o
                0x10003998                frequency_count_khz
 .text.hw_set_bits
                0x10003a0c       0x1e build\libraries\pico-sdk\src\rp2_common\hardware_gpio\gpio.o
 .text.hw_clear_bits
                0x10003a2a       0x1e build\libraries\pico-sdk\src\rp2_common\hardware_gpio\gpio.o
 .text.hw_xor_bits
                0x10003a48       0x1e build\libraries\pico-sdk\src\rp2_common\hardware_gpio\gpio.o
 .text.hw_write_masked
                0x10003a66       0x2a build\libraries\pico-sdk\src\rp2_common\hardware_gpio\gpio.o
 .text.gpio_set_function
                0x10003a90       0x44 build\libraries\pico-sdk\src\rp2_common\hardware_gpio\gpio.o
                0x10003a90                gpio_set_function
 .text.gpio_set_pulls
                0x10003ad4       0x54 build\libraries\pico-sdk\src\rp2_common\hardware_gpio\gpio.o
                0x10003ad4                gpio_set_pulls
 .text.gpio_set_input_enabled
                0x10003b28       0x48 build\libraries\pico-sdk\src\rp2_common\hardware_gpio\gpio.o
                0x10003b28                gpio_set_input_enabled
 .text.gpio_init
                0x10003b70       0x36 build\libraries\pico-sdk\src\rp2_common\hardware_gpio\gpio.o
                0x10003b70                gpio_init
 .text.tight_loop_contents
                0x10003ba6        0xa build\libraries\pico-sdk\src\rp2_common\hardware_i2c\i2c.o
 .text.hw_set_bits
                0x10003bb0       0x1e build\libraries\pico-sdk\src\rp2_common\hardware_i2c\i2c.o
 .text.hw_clear_bits
                0x10003bce       0x1e build\libraries\pico-sdk\src\rp2_common\hardware_i2c\i2c.o
 .text.hw_xor_bits
                0x10003bec       0x1e build\libraries\pico-sdk\src\rp2_common\hardware_i2c\i2c.o
 .text.hw_write_masked
                0x10003c0a       0x2a build\libraries\pico-sdk\src\rp2_common\hardware_i2c\i2c.o
 .text.reset_block
                0x10003c34       0x20 build\libraries\pico-sdk\src\rp2_common\hardware_i2c\i2c.o
 .text.unreset_block_wait
                0x10003c54       0x34 build\libraries\pico-sdk\src\rp2_common\hardware_i2c\i2c.o
 .text.i2c_reset
                0x10003c88       0x28 build\libraries\pico-sdk\src\rp2_common\hardware_i2c\i2c.o
 .text.i2c_unreset
                0x10003cb0       0x28 build\libraries\pico-sdk\src\rp2_common\hardware_i2c\i2c.o
 .text.i2c_init
                0x10003cd8       0x60 build\libraries\pico-sdk\src\rp2_common\hardware_i2c\i2c.o
                0x10003cd8                i2c_init
 .text.i2c_set_baudrate
                0x10003d38       0x9a build\libraries\pico-sdk\src\rp2_common\hardware_i2c\i2c.o
                0x10003d38                i2c_set_baudrate
 .text.i2c_write_blocking_internal
                0x10003dd2      0x192 build\libraries\pico-sdk\src\rp2_common\hardware_i2c\i2c.o
 .text.i2c_write_blocking
                0x10003f64       0x3e build\libraries\pico-sdk\src\rp2_common\hardware_i2c\i2c.o
                0x10003f64                i2c_write_blocking
 .text.__dmb    0x10003fa2        0xe build\libraries\pico-sdk\src\rp2_common\hardware_irq\irq.o
 .text.__mem_fence_acquire
                0x10003fb0        0xe build\libraries\pico-sdk\src\rp2_common\hardware_irq\irq.o
 .text.__mem_fence_release
                0x10003fbe        0xe build\libraries\pico-sdk\src\rp2_common\hardware_irq\irq.o
 .text.save_and_disable_interrupts
                0x10003fcc       0x18 build\libraries\pico-sdk\src\rp2_common\hardware_irq\irq.o
 .text.restore_interrupts
                0x10003fe4       0x16 build\libraries\pico-sdk\src\rp2_common\hardware_irq\irq.o
 *fill*         0x10003ffa        0x2 
 .text.spin_lock_instance
                0x10003ffc       0x20 build\libraries\pico-sdk\src\rp2_common\hardware_irq\irq.o
 .text.spin_lock_unsafe_blocking
                0x1000401c       0x24 build\libraries\pico-sdk\src\rp2_common\hardware_irq\irq.o
 .text.spin_unlock_unsafe
                0x10004040       0x1a build\libraries\pico-sdk\src\rp2_common\hardware_irq\irq.o
 .text.spin_lock_blocking
                0x1000405a       0x22 build\libraries\pico-sdk\src\rp2_common\hardware_irq\irq.o
 .text.spin_unlock
                0x1000407c       0x22 build\libraries\pico-sdk\src\rp2_common\hardware_irq\irq.o
 *fill*         0x1000409e        0x2 
 .text.get_vtable
                0x100040a0       0x14 build\libraries\pico-sdk\src\rp2_common\hardware_irq\irq.o
 .text.add_thumb_bit
                0x100040b4       0x16 build\libraries\pico-sdk\src\rp2_common\hardware_irq\irq.o
 .text.remove_thumb_bit
                0x100040ca       0x16 build\libraries\pico-sdk\src\rp2_common\hardware_irq\irq.o
 .text.set_raw_irq_handler_and_unlock
                0x100040e0       0x3c build\libraries\pico-sdk\src\rp2_common\hardware_irq\irq.o
 .text.check_irq_param
                0x1000411c       0x10 build\libraries\pico-sdk\src\rp2_common\hardware_irq\irq.o
 .text.irq_set_enabled
                0x1000412c       0x30 build\libraries\pico-sdk\src\rp2_common\hardware_irq\irq.o
                0x1000412c                irq_set_enabled
 .text.irq_is_enabled
                0x1000415c       0x30 build\libraries\pico-sdk\src\rp2_common\hardware_irq\irq.o
                0x1000415c                irq_is_enabled
 .text.irq_set_mask_enabled
                0x1000418c       0x40 build\libraries\pico-sdk\src\rp2_common\hardware_irq\irq.o
                0x1000418c                irq_set_mask_enabled
 .text.is_shared_irq_raw_handler
                0x100041cc       0x24 build\libraries\pico-sdk\src\rp2_common\hardware_irq\irq.o
 .text.irq_get_vtable_handler
                0x100041f0       0x28 build\libraries\pico-sdk\src\rp2_common\hardware_irq\irq.o
                0x100041f0                irq_get_vtable_handler
 .text.irq_set_exclusive_handler
                0x10004218       0x74 build\libraries\pico-sdk\src\rp2_common\hardware_irq\irq.o
                0x10004218                irq_set_exclusive_handler
 .text.make_branch
                0x1000428c       0x58 build\libraries\pico-sdk\src\rp2_common\hardware_irq\irq.o
 .text.insert_branch_and_link
                0x100042e4       0x74 build\libraries\pico-sdk\src\rp2_common\hardware_irq\irq.o
 .text.resolve_branch
                0x10004358       0x5c build\libraries\pico-sdk\src\rp2_common\hardware_irq\irq.o
 .text.irq_remove_handler
                0x100043b4      0x22c build\libraries\pico-sdk\src\rp2_common\hardware_irq\irq.o
                0x100043b4                irq_remove_handler
 .text.irq_set_priority
                0x100045e0       0x5c build\libraries\pico-sdk\src\rp2_common\hardware_irq\irq.o
                0x100045e0                irq_set_priority
 .text.irq_add_tail_to_free_list
                0x1000463c      0x178 build\libraries\pico-sdk\src\rp2_common\hardware_irq\irq.o
                0x1000463c                irq_add_tail_to_free_list
 .text.irq_init_priorities
                0x100047b4       0x2a build\libraries\pico-sdk\src\rp2_common\hardware_irq\irq.o
                0x100047b4                irq_init_priorities
 .text.tight_loop_contents
                0x100047de        0xa build\libraries\pico-sdk\src\rp2_common\hardware_pll\pll.o
 .text.hw_clear_bits
                0x100047e8       0x1e build\libraries\pico-sdk\src\rp2_common\hardware_pll\pll.o
 *fill*         0x10004806        0x2 
 .text.pll_init
                0x10004808      0x12c build\libraries\pico-sdk\src\rp2_common\hardware_pll\pll.o
                0x10004808                pll_init
 .text.__dmb    0x10004934        0xe build\libraries\pico-sdk\src\rp2_common\hardware_sync\sync.o
 .text.__mem_fence_release
                0x10004942        0xe build\libraries\pico-sdk\src\rp2_common\hardware_sync\sync.o
 .text.spin_lock_instance
                0x10004950       0x20 build\libraries\pico-sdk\src\rp2_common\hardware_sync\sync.o
 .text.spin_unlock_unsafe
                0x10004970       0x1a build\libraries\pico-sdk\src\rp2_common\hardware_sync\sync.o
 .text.spin_locks_reset
                0x1000498a       0x30 build\libraries\pico-sdk\src\rp2_common\hardware_sync\sync.o
                0x1000498a                spin_locks_reset
 *fill*         0x100049ba        0x2 
 .text.next_striped_spin_lock_num
                0x100049bc       0x30 build\libraries\pico-sdk\src\rp2_common\hardware_sync\sync.o
                0x100049bc                next_striped_spin_lock_num
 .text.to_us_since_boot
                0x100049ec       0x18 build\libraries\pico-sdk\src\rp2_common\hardware_timer\timer.o
 .text.hw_set_bits
                0x10004a04       0x1e build\libraries\pico-sdk\src\rp2_common\hardware_timer\timer.o
 .text.check_hardware_alarm_num_param
                0x10004a22       0x10 build\libraries\pico-sdk\src\rp2_common\hardware_timer\timer.o
 .text.__dmb    0x10004a32        0xe build\libraries\pico-sdk\src\rp2_common\hardware_timer\timer.o
 .text.__mem_fence_acquire
                0x10004a40        0xe build\libraries\pico-sdk\src\rp2_common\hardware_timer\timer.o
 .text.__mem_fence_release
                0x10004a4e        0xe build\libraries\pico-sdk\src\rp2_common\hardware_timer\timer.o
 .text.save_and_disable_interrupts
                0x10004a5c       0x18 build\libraries\pico-sdk\src\rp2_common\hardware_timer\timer.o
 .text.restore_interrupts
                0x10004a74       0x16 build\libraries\pico-sdk\src\rp2_common\hardware_timer\timer.o
 *fill*         0x10004a8a        0x2 
 .text.spin_lock_instance
                0x10004a8c       0x20 build\libraries\pico-sdk\src\rp2_common\hardware_timer\timer.o
 .text.spin_lock_unsafe_blocking
                0x10004aac       0x24 build\libraries\pico-sdk\src\rp2_common\hardware_timer\timer.o
 .text.spin_unlock_unsafe
                0x10004ad0       0x1a build\libraries\pico-sdk\src\rp2_common\hardware_timer\timer.o
 .text.spin_lock_blocking
                0x10004aea       0x22 build\libraries\pico-sdk\src\rp2_common\hardware_timer\timer.o
 .text.spin_unlock
                0x10004b0c       0x22 build\libraries\pico-sdk\src\rp2_common\hardware_timer\timer.o
 *fill*         0x10004b2e        0x2 
 .text.hardware_alarm_claim
                0x10004b30       0x2c build\libraries\pico-sdk\src\rp2_common\hardware_timer\timer.o
                0x10004b30                hardware_alarm_claim
 .text.time_us_64
                0x10004b5c       0x60 build\libraries\pico-sdk\src\rp2_common\hardware_timer\timer.o
                0x10004b5c                time_us_64
 .text.harware_alarm_irq_number
                0x10004bbc       0x12 build\libraries\pico-sdk\src\rp2_common\hardware_timer\timer.o
 *fill*         0x10004bce        0x2 
 .text.hardware_alarm_irq_handler
                0x10004bd0       0xd4 build\libraries\pico-sdk\src\rp2_common\hardware_timer\timer.o
 .text.hardware_alarm_set_callback
                0x10004ca4       0xdc build\libraries\pico-sdk\src\rp2_common\hardware_timer\timer.o
                0x10004ca4                hardware_alarm_set_callback
 .text.hardware_alarm_set_target
                0x10004d80      0x160 build\libraries\pico-sdk\src\rp2_common\hardware_timer\timer.o
                0x10004d80                hardware_alarm_set_target
 .text.hardware_alarm_cancel
                0x10004ee0       0x68 build\libraries\pico-sdk\src\rp2_common\hardware_timer\timer.o
                0x10004ee0                hardware_alarm_cancel
 .text.tight_loop_contents
                0x10004f48        0xa build\libraries\pico-sdk\src\rp2_common\hardware_uart\uart.o
 .text.hw_set_bits
                0x10004f52       0x1e build\libraries\pico-sdk\src\rp2_common\hardware_uart\uart.o
 .text.hw_clear_bits
                0x10004f70       0x1e build\libraries\pico-sdk\src\rp2_common\hardware_uart\uart.o
 .text.hw_xor_bits
                0x10004f8e       0x1e build\libraries\pico-sdk\src\rp2_common\hardware_uart\uart.o
 .text.hw_write_masked
                0x10004fac       0x2a build\libraries\pico-sdk\src\rp2_common\hardware_uart\uart.o
 *fill*         0x10004fd6        0x2 
 .text.uart_get_index
                0x10004fd8       0x24 build\libraries\pico-sdk\src\rp2_common\hardware_uart\uart.o
 .text.uart_get_hw
                0x10004ffc       0x1a build\libraries\pico-sdk\src\rp2_common\hardware_uart\uart.o
 .text.uart_set_format
                0x10005016       0x5e build\libraries\pico-sdk\src\rp2_common\hardware_uart\uart.o
 .text.reset_block
                0x10005074       0x20 build\libraries\pico-sdk\src\rp2_common\hardware_uart\uart.o
 .text.unreset_block_wait
                0x10005094       0x34 build\libraries\pico-sdk\src\rp2_common\hardware_uart\uart.o
 .text.uart_reset
                0x100050c8       0x2c build\libraries\pico-sdk\src\rp2_common\hardware_uart\uart.o
 .text.uart_unreset
                0x100050f4       0x2c build\libraries\pico-sdk\src\rp2_common\hardware_uart\uart.o
 .text.uart_init
                0x10005120       0x8c build\libraries\pico-sdk\src\rp2_common\hardware_uart\uart.o
                0x10005120                uart_init
 .text.uart_set_baudrate
                0x100051ac       0xa4 build\libraries\pico-sdk\src\rp2_common\hardware_uart\uart.o
                0x100051ac                uart_set_baudrate
 .text.uart_set_translate_crlf
                0x10005250       0x3c build\libraries\pico-sdk\src\rp2_common\hardware_uart\uart.o
                0x10005250                uart_set_translate_crlf
 .text.watchdog_start_tick
                0x1000528c       0x20 build\libraries\pico-sdk\src\rp2_common\hardware_watchdog\watchdog.o
                0x1000528c                watchdog_start_tick
 .text.hw_set_bits
                0x100052ac       0x1e build\libraries\pico-sdk\src\rp2_common\hardware_xosc\xosc.o
 *fill*         0x100052ca        0x2 
 .text.xosc_init
                0x100052cc       0x40 build\libraries\pico-sdk\src\rp2_common\hardware_xosc\xosc.o
                0x100052cc                xosc_init
 .text          0x1000530c       0x10 build\libraries\pico-sdk\src\rp2_common\pico_bit_ops\bit_ops_aeabi.o
 .text.rom_func_lookup
                0x1000531c       0x28 build\libraries\pico-sdk\src\rp2_common\pico_bootrom\bootrom.o
                0x1000531c                rom_func_lookup
 .text.rom_data_lookup
                0x10005344       0x28 build\libraries\pico-sdk\src\rp2_common\pico_bootrom\bootrom.o
                0x10005344                rom_data_lookup
 .text.rom_funcs_lookup
                0x1000536c       0x68 build\libraries\pico-sdk\src\rp2_common\pico_bootrom\bootrom.o
                0x1000536c                rom_funcs_lookup
 .text.__wrap___aeabi_idiv
                0x100053d4       0x58 build\libraries\pico-sdk\src\rp2_common\pico_divider\divider.o
                0x100053d4                __wrap___aeabi_idivmod
                0x100053d4                divmod_s32s32
                0x100053d4                div_s32s32
                0x100053d4                __wrap___aeabi_idiv
                0x100053dc                divmod_s32s32_unsafe
                0x10005408                divmod_s32s32_savestate
 .text.__wrap___aeabi_uidiv
                0x1000542c       0x54 build\libraries\pico-sdk\src\rp2_common\pico_divider\divider.o
                0x1000542c                __wrap___aeabi_uidiv
                0x1000542c                __wrap___aeabi_uidivmod
                0x1000542c                div_u32u32
                0x1000542c                divmod_u32u32
                0x10005434                divmod_u32u32_unsafe
                0x1000545c                divmod_u32u32_savestate
 .text.__wrap___aeabi_ldiv
                0x10005480      0x430 build\libraries\pico-sdk\src\rp2_common\pico_divider\divider.o
                0x10005480                div_s64s64
                0x10005480                divmod_s64s64
                0x10005480                __wrap___aeabi_ldivmod
                0x100054b8                divmod_u64u64
                0x100054b8                div_u64u64
                0x100054b8                __wrap___aeabi_uldivmod
                0x100054c8                divmod_u64u64_savestate
                0x100054f0                divmod_s64s64_unsafe
                0x10005578                divmod_u64u64_unsafe
 .text.__wrap___aeabi_darithmetic
                0x100058b0       0x54 build\libraries\pico-sdk\src\rp2_common\pico_double\double_aeabi.o
                0x100058b0                __wrap___aeabi_drsub
                0x100058b6                __wrap___aeabi_dsub
                0x100058c8                __wrap___aeabi_dadd
                0x100058da                __wrap___aeabi_ddiv
                0x100058ec                __wrap___aeabi_dmul
 .text.__wrap___aeabi_cdcmple
                0x10005904       0x6c build\libraries\pico-sdk\src\rp2_common\pico_double\double_aeabi.o
                0x10005904                __wrap___aeabi_cdrcmple
                0x10005914                __wrap___aeabi_cdcmpeq
                0x10005914                __wrap___aeabi_cdcmple
 .text.__wrap___aeabi_dcmpeq
                0x10005970       0x10 build\libraries\pico-sdk\src\rp2_common\pico_double\double_aeabi.o
                0x10005970                __wrap___aeabi_dcmpeq
 .text.__wrap___aeabi_dcmplt
                0x10005980        0xc build\libraries\pico-sdk\src\rp2_common\pico_double\double_aeabi.o
                0x10005980                __wrap___aeabi_dcmplt
 .text.__wrap___aeabi_dcmple
                0x1000598c       0x10 build\libraries\pico-sdk\src\rp2_common\pico_double\double_aeabi.o
                0x1000598c                __wrap___aeabi_dcmple
 .text.__wrap___aeabi_dcmpge
                0x1000599c       0x10 build\libraries\pico-sdk\src\rp2_common\pico_double\double_aeabi.o
                0x1000599c                __wrap___aeabi_dcmpge
 .text.__wrap___aeabi_dcmpgt
                0x100059ac        0xa build\libraries\pico-sdk\src\rp2_common\pico_double\double_aeabi.o
                0x100059ac                __wrap___aeabi_dcmpgt
 .text.__wrap___aeabi_dcmpun
                0x100059b6       0x1c build\libraries\pico-sdk\src\rp2_common\pico_double\double_aeabi.o
                0x100059b6                __wrap___aeabi_dcmpun
 *fill*         0x100059d2        0x2 
 .text.__wrap___aeabi_i2d
                0x100059d4       0x38 build\libraries\pico-sdk\src\rp2_common\pico_double\double_aeabi.o
                0x100059d4                __wrap___aeabi_ui2d
                0x100059dc                __wrap___aeabi_i2d
 .text.__wrap___aeabi_d2iz
                0x10005a0c       0x48 build\libraries\pico-sdk\src\rp2_common\pico_double\double_aeabi.o
                0x10005a0c                double2int_z
                0x10005a0c                __wrap___aeabi_d2iz
 .text.__wrap___aeabi_d2uiz
                0x10005a54       0x18 build\libraries\pico-sdk\src\rp2_common\pico_double\double_aeabi.o
                0x10005a54                __wrap___aeabi_d2uiz
                0x10005a54                double2uint
 .text.__wrap___aeabi_d2f
                0x10005a6c       0x18 build\libraries\pico-sdk\src\rp2_common\pico_double\double_aeabi.o
                0x10005a6c                __wrap___aeabi_d2f
 .text.__wrap_exp
                0x10005a84       0x18 build\libraries\pico-sdk\src\rp2_common\pico_double\double_aeabi.o
                0x10005a84                __wrap_exp
 .text.__wrap_log
                0x10005a9c       0x18 build\libraries\pico-sdk\src\rp2_common\pico_double\double_aeabi.o
                0x10005a9c                __wrap_log
 .text.rp2040_rom_version
                0x10005ab4        0xe build\libraries\pico-sdk\src\rp2_common\pico_double\double_init_rom.o
 .text.rom_table_code
                0x10005ac2       0x26 build\libraries\pico-sdk\src\rp2_common\pico_double\double_init_rom.o
 .text.__aeabi_double_init
                0x10005ae8       0xe8 build\libraries\pico-sdk\src\rp2_common\pico_double\double_init_rom.o
                0x10005ae8                __aeabi_double_init
 .text.dgetsignexp
                0x10005bd0       0x26 build\libraries\pico-sdk\src\rp2_common\pico_double\double_math.o
 .text.dgetexp  0x10005bf6       0x2a build\libraries\pico-sdk\src\rp2_common\pico_double\double_math.o
 .text.dldexp   0x10005c20       0xe0 build\libraries\pico-sdk\src\rp2_common\pico_double\double_math.o
 .text.__wrap_ldexp
                0x10005d00       0x28 build\libraries\pico-sdk\src\rp2_common\pico_double\double_math.o
                0x10005d00                __wrap_ldexp
 .text.dcopysign
                0x10005d28       0x7a build\libraries\pico-sdk\src\rp2_common\pico_double\double_math.o
 .text.diszero  0x10005da2       0x26 build\libraries\pico-sdk\src\rp2_common\pico_double\double_math.o
 .text.disinf   0x10005dc8       0x30 build\libraries\pico-sdk\src\rp2_common\pico_double\double_math.o
 .text.dispinf  0x10005df8       0x30 build\libraries\pico-sdk\src\rp2_common\pico_double\double_math.o
 .text.disminf  0x10005e28       0x30 build\libraries\pico-sdk\src\rp2_common\pico_double\double_math.o
 .text.disint   0x10005e58       0xc4 build\libraries\pico-sdk\src\rp2_common\pico_double\double_math.o
 .text.disoddint
                0x10005f1c       0xf8 build\libraries\pico-sdk\src\rp2_common\pico_double\double_math.o
 .text.disneg   0x10006014       0x26 build\libraries\pico-sdk\src\rp2_common\pico_double\double_math.o
 .text.dneg     0x1000603a       0x3c build\libraries\pico-sdk\src\rp2_common\pico_double\double_math.o
 .text.dispo2   0x10006076       0x60 build\libraries\pico-sdk\src\rp2_common\pico_double\double_math.o
 *fill*         0x100060d6        0x2 
 .text.__wrap_round
                0x100060d8      0x150 build\libraries\pico-sdk\src\rp2_common\pico_double\double_math.o
                0x100060d8                __wrap_round
 .text.__wrap_exp2
                0x10006228       0xc4 build\libraries\pico-sdk\src\rp2_common\pico_double\double_math.o
                0x10006228                __wrap_exp2
 .text.dpow_1   0x100062ec      0x2b4 build\libraries\pico-sdk\src\rp2_common\pico_double\double_math.o
 .text.dpow_int2
                0x100065a0       0x76 build\libraries\pico-sdk\src\rp2_common\pico_double\double_math.o
 *fill*         0x10006616        0x2 
 .text.dpowint_1
                0x10006618       0x4c build\libraries\pico-sdk\src\rp2_common\pico_double\double_math.o
 .text.dpow_0   0x10006664      0x138 build\libraries\pico-sdk\src\rp2_common\pico_double\double_math.o
 .text.__wrap_pow
                0x1000679c      0x218 build\libraries\pico-sdk\src\rp2_common\pico_double\double_math.o
                0x1000679c                __wrap_pow
 .text.double_table_shim_on_use_helper
                0x100069b4       0x34 build\libraries\pico-sdk\src\rp2_common\pico_double\double_v1_rom_shim.o
                0x100069b4                double_table_shim_on_use_helper
 .text.__wrap___aeabi_dsub
                0x100069e8       0x10 build\libraries\pico-sdk\src\rp2_common\pico_double\double_v1_rom_shim.o
                0x100069e8                drsub_shim
                0x100069ee                dsub_shim
 .text.dadd_shim
                0x100069f8      0x15c build\libraries\pico-sdk\src\rp2_common\pico_double\double_v1_rom_shim.o
                0x100069f8                dadd_shim
 .text.dmul_shim
                0x10006b54      0x15c build\libraries\pico-sdk\src\rp2_common\pico_double\double_v1_rom_shim.o
                0x10006b54                dmul_shim
 .text.ddiv_shim
                0x10006cb0      0x1b0 build\libraries\pico-sdk\src\rp2_common\pico_double\double_v1_rom_shim.o
                0x10006cb0                ddiv_shim
 .text.dcordic_rot_step
                0x10006e60       0x7c build\libraries\pico-sdk\src\rp2_common\pico_double\double_v1_rom_shim.o
                0x10006e60                dcordic_rot_step
 .text.double2uint_shim
                0x10006edc        0xe build\libraries\pico-sdk\src\rp2_common\pico_double\double_v1_rom_shim.o
                0x10006edc                double2uint_shim
                0x10006ede                double2ufix_shim
 *fill*         0x10006eea        0x2 
 .text.double2uint64_shim
                0x10006eec       0x6c build\libraries\pico-sdk\src\rp2_common\pico_double\double_v1_rom_shim.o
                0x10006eec                double2uint64_shim
                0x10006eee                double2ufix64_shim
                0x10006f08                d2fix_a
 .text.double2float_shim
                0x10006f58       0x5c build\libraries\pico-sdk\src\rp2_common\pico_double\double_v1_rom_shim.o
                0x10006f58                double2float_shim
 .text.x2double_shims
                0x10006fb4       0x90 build\libraries\pico-sdk\src\rp2_common\pico_double\double_v1_rom_shim.o
                0x10006fb4                uint2double_shim
                0x10006fb6                ufix2double_shim
                0x10006fbc                int2double_shim
                0x10006fbe                fix2double_shim
                0x10006fc4                uint642double_shim
                0x10006fc6                ufix642double_shim
                0x10006fcc                int642double_shim
                0x10006fce                fix642double_shim
 .text.dunpacks
                0x10007044       0x3c build\libraries\pico-sdk\src\rp2_common\pico_double\double_v1_rom_shim.o
                0x10007044                dunpacks
 .text.dreduce  0x10007080       0x82 build\libraries\pico-sdk\src\rp2_common\pico_double\double_v1_rom_shim.o
                0x10007080                dreduce
 *fill*         0x10007102        0x2 
 .text.dexp_guts
                0x10007104      0x268 build\libraries\pico-sdk\src\rp2_common\pico_double\double_v1_rom_shim.o
                0x10007104                dexp_shim
                0x100071a0                dln_shim
 .text.__wrap___aeabi_farithmetic
                0x1000736c       0x34 build\libraries\pico-sdk\src\rp2_common\pico_float\float_aeabi.o
                0x1000736c                __wrap___aeabi_frsub
                0x10007372                __wrap___aeabi_fsub
                0x1000737c                __wrap___aeabi_fadd
                0x10007386                __wrap___aeabi_fdiv
                0x10007390                __wrap___aeabi_fmul
 .text.__wrap___aeabi_cfcmple
                0x100073a0       0x50 build\libraries\pico-sdk\src\rp2_common\pico_float\float_aeabi.o
                0x100073a0                __wrap___aeabi_cfrcmple
                0x100073ac                __wrap___aeabi_cfcmple
                0x100073ac                __wrap___aeabi_cfcmpeq
 .text.__wrap___aeabi_fcmpgt
                0x100073f0        0xa build\libraries\pico-sdk\src\rp2_common\pico_float\float_aeabi.o
                0x100073f0                __wrap___aeabi_fcmpgt
 .text.__wrap___aeabi_ui2f
                0x100073fa        0xa build\libraries\pico-sdk\src\rp2_common\pico_float\float_aeabi.o
                0x100073fa                __wrap___aeabi_ui2f
 .text.__wrap___aeabi_i2f
                0x10007404       0x44 build\libraries\pico-sdk\src\rp2_common\pico_float\float_aeabi.o
                0x10007404                __wrap___aeabi_i2f
 .text.__wrap___aeabi_f2iz
                0x10007448       0x4e build\libraries\pico-sdk\src\rp2_common\pico_float\float_aeabi.o
                0x10007448                float2int_z
                0x10007448                __wrap___aeabi_f2iz
 *fill*         0x10007496        0x2 
 .text.float2int
                0x10007498       0x14 build\libraries\pico-sdk\src\rp2_common\pico_float\float_aeabi.o
                0x10007498                float2int
 .text.__wrap___aeabi_f2uiz
                0x100074ac       0x10 build\libraries\pico-sdk\src\rp2_common\pico_float\float_aeabi.o
                0x100074ac                __wrap___aeabi_f2uiz
 .text.__wrap___aeabi_f2d
                0x100074bc       0x14 build\libraries\pico-sdk\src\rp2_common\pico_float\float_aeabi.o
                0x100074bc                __wrap___aeabi_f2d
 .text.rp2040_rom_version
                0x100074d0        0xe build\libraries\pico-sdk\src\rp2_common\pico_float\float_init_rom.o
 .text.rom_table_code
                0x100074de       0x26 build\libraries\pico-sdk\src\rp2_common\pico_float\float_init_rom.o
 .text.__aeabi_float_init
                0x10007504      0x134 build\libraries\pico-sdk\src\rp2_common\pico_float\float_init_rom.o
                0x10007504                __aeabi_float_init
 .text.float_table_shim_on_use_helper
                0x10007638       0x34 build\libraries\pico-sdk\src\rp2_common\pico_float\float_v1_rom_shim.o
                0x10007638                float_table_shim_on_use_helper
 .text.float232_shims
                0x1000766c       0x18 build\libraries\pico-sdk\src\rp2_common\pico_float\float_v1_rom_shim.o
                0x1000766c                float2int_shim
                0x1000766e                float2fix_shim
 .text.float2double_shim
                0x10007684       0x30 build\libraries\pico-sdk\src\rp2_common\pico_float\float_v1_rom_shim.o
                0x10007684                float2double_shim
 .text.check_alloc
                0x100076b4       0x16 build\libraries\pico-sdk\src\rp2_common\pico_malloc\pico_malloc.o
 .text.__wrap_malloc
                0x100076ca       0x2c build\libraries\pico-sdk\src\rp2_common\pico_malloc\pico_malloc.o
                0x100076ca                __wrap_malloc
 .text.__wrap_calloc
                0x100076f6       0x32 build\libraries\pico-sdk\src\rp2_common\pico_malloc\pico_malloc.o
                0x100076f6                __wrap_calloc
 .text.__wrap_free
                0x10007728       0x18 build\libraries\pico-sdk\src\rp2_common\pico_malloc\pico_malloc.o
                0x10007728                __wrap_free
 .text          0x10007740       0x10 build\libraries\pico-sdk\src\rp2_common\pico_mem_ops\mem_ops_aeabi.o
                0x10007740                __aeabi_mem_init
 .text.memset   0x10007750        0xc build\libraries\pico-sdk\src\rp2_common\pico_mem_ops\mem_ops_aeabi.o
                0x10007750                __wrap_memset
 .text.memcpy   0x1000775c        0xc build\libraries\pico-sdk\src\rp2_common\pico_mem_ops\mem_ops_aeabi.o
                0x1000775c                __wrap_memcpy
                0x1000775c                __wrap___aeabi_memcpy
 .text.running_on_fpga
                0x10007768       0x1c build\libraries\pico-sdk\src\rp2_common\pico_platform\platform.o
                0x10007768                running_on_fpga
 .text._out_null
                0x10007784       0x1c build\libraries\pico-sdk\src\rp2_common\pico_printf\printf.o
 .text._out_fct
                0x100077a0       0x36 build\libraries\pico-sdk\src\rp2_common\pico_printf\printf.o
 .text._strnlen_s
                0x100077d6       0x36 build\libraries\pico-sdk\src\rp2_common\pico_printf\printf.o
 .text._is_digit
                0x1000780c       0x32 build\libraries\pico-sdk\src\rp2_common\pico_printf\printf.o
 .text._atoi    0x1000783e       0x46 build\libraries\pico-sdk\src\rp2_common\pico_printf\printf.o
 .text._out_rev
                0x10007884       0x9a build\libraries\pico-sdk\src\rp2_common\pico_printf\printf.o
 .text._ntoa_format
                0x1000791e      0x1ac build\libraries\pico-sdk\src\rp2_common\pico_printf\printf.o
 .text._ntoa_long
                0x10007aca       0xd2 build\libraries\pico-sdk\src\rp2_common\pico_printf\printf.o
 .text._ntoa_long_long
                0x10007b9c       0xea build\libraries\pico-sdk\src\rp2_common\pico_printf\printf.o
 *fill*         0x10007c86        0x2 
 .text._ftoa    0x10007c88      0x4ac build\libraries\pico-sdk\src\rp2_common\pico_printf\printf.o
 .text._etoa    0x10008134      0x58c build\libraries\pico-sdk\src\rp2_common\pico_printf\printf.o
 .text._vsnprintf
                0x100086c0      0x89c build\libraries\pico-sdk\src\rp2_common\pico_printf\printf.o
 .text.vfctprintf
                0x10008f5c       0x40 build\libraries\pico-sdk\src\rp2_common\pico_printf\printf.o
                0x10008f5c                vfctprintf
 .text.tight_loop_contents
                0x10008f9c        0xa build\libraries\pico-sdk\src\rp2_common\pico_runtime\runtime.o
 .text.hw_set_bits
                0x10008fa6       0x1e build\libraries\pico-sdk\src\rp2_common\pico_runtime\runtime.o
 .text.hw_clear_bits
                0x10008fc4       0x1e build\libraries\pico-sdk\src\rp2_common\pico_runtime\runtime.o
 *fill*         0x10008fe2        0x2 
 .text.reset_block
                0x10008fe4       0x20 build\libraries\pico-sdk\src\rp2_common\pico_runtime\runtime.o
 .text.unreset_block_wait
                0x10009004       0x34 build\libraries\pico-sdk\src\rp2_common\pico_runtime\runtime.o
 .text.runtime_init
                0x10009038       0xcc build\libraries\pico-sdk\src\rp2_common\pico_runtime\runtime.o
                0x10009038                runtime_init
 .text.__assert_func
                0x10009104       0x4c build\libraries\pico-sdk\src\rp2_common\pico_runtime\runtime.o
                0x10009104                __assert_func
 .text.panic    0x10009150       0x40 build\libraries\pico-sdk\src\rp2_common\pico_runtime\runtime.o
                0x10009150                panic
 .text.get_core_num
                0x10009190       0x10 build\libraries\pico-sdk\src\rp2_common\pico_stdio\stdio.o
 .text.stdout_serialize_begin
                0x100091a0       0x4c build\libraries\pico-sdk\src\rp2_common\pico_stdio\stdio.o
                0x100091a0                stdout_serialize_begin
 .text.stdout_serialize_end
                0x100091ec       0x18 build\libraries\pico-sdk\src\rp2_common\pico_stdio\stdio.o
                0x100091ec                stdout_serialize_end
 .text.stdio_out_chars_crlf
                0x10009204       0xf8 build\libraries\pico-sdk\src\rp2_common\pico_stdio\stdio.o
 .text.stdio_put_string
                0x100092fc       0xb0 build\libraries\pico-sdk\src\rp2_common\pico_stdio\stdio.o
 .text.__wrap_puts
                0x100093ac       0x2e build\libraries\pico-sdk\src\rp2_common\pico_stdio\stdio.o
                0x100093ac                __wrap_puts
 *fill*         0x100093da        0x2 
 .text.stdio_set_driver_enabled
                0x100093dc       0x7c build\libraries\pico-sdk\src\rp2_common\pico_stdio\stdio.o
                0x100093dc                stdio_set_driver_enabled
 .text.stdio_flush
                0x10009458       0x34 build\libraries\pico-sdk\src\rp2_common\pico_stdio\stdio.o
                0x10009458                stdio_flush
 .text.stdio_stack_buffer_flush
                0x1000948c       0x70 build\libraries\pico-sdk\src\rp2_common\pico_stdio\stdio.o
 .text.stdio_buffered_printer
                0x100094fc       0x3e build\libraries\pico-sdk\src\rp2_common\pico_stdio\stdio.o
 *fill*         0x1000953a        0x2 
 .text.__wrap_vprintf
                0x1000953c       0x64 build\libraries\pico-sdk\src\rp2_common\pico_stdio\stdio.o
                0x1000953c                __wrap_vprintf
 .text.__wrap_printf
                0x100095a0       0x2e build\libraries\pico-sdk\src\rp2_common\pico_stdio\stdio.o
                0x100095a0                __wrap_printf
 .text.stdio_init_all
                0x100095ce        0xe build\libraries\pico-sdk\src\rp2_common\pico_stdio\stdio.o
                0x100095ce                stdio_init_all
 .text.tight_loop_contents
                0x100095dc        0xa build\libraries\pico-sdk\src\rp2_common\pico_stdio_uart\stdio_uart.o
 *fill*         0x100095e6        0x2 
 .text.uart_get_index
                0x100095e8       0x24 build\libraries\pico-sdk\src\rp2_common\pico_stdio_uart\stdio_uart.o
 .text.uart_get_hw
                0x1000960c       0x1a build\libraries\pico-sdk\src\rp2_common\pico_stdio_uart\stdio_uart.o
 .text.uart_is_writable
                0x10009626       0x26 build\libraries\pico-sdk\src\rp2_common\pico_stdio_uart\stdio_uart.o
 .text.uart_is_readable
                0x1000964c       0x26 build\libraries\pico-sdk\src\rp2_common\pico_stdio_uart\stdio_uart.o
 .text.uart_write_blocking
                0x10009672       0x58 build\libraries\pico-sdk\src\rp2_common\pico_stdio_uart\stdio_uart.o
 .text.uart_read_blocking
                0x100096ca       0x58 build\libraries\pico-sdk\src\rp2_common\pico_stdio_uart\stdio_uart.o
 .text.uart_putc_raw
                0x10009722       0x22 build\libraries\pico-sdk\src\rp2_common\pico_stdio_uart\stdio_uart.o
 .text.uart_putc
                0x10009744       0x4c build\libraries\pico-sdk\src\rp2_common\pico_stdio_uart\stdio_uart.o
 .text.uart_getc
                0x10009790       0x22 build\libraries\pico-sdk\src\rp2_common\pico_stdio_uart\stdio_uart.o
 *fill*         0x100097b2        0x2 
 .text.stdio_uart_init
                0x100097b4       0x38 build\libraries\pico-sdk\src\rp2_common\pico_stdio_uart\stdio_uart.o
                0x100097b4                stdio_uart_init
 .text.stdio_uart_init_full
                0x100097ec       0x5c build\libraries\pico-sdk\src\rp2_common\pico_stdio_uart\stdio_uart.o
                0x100097ec                stdio_uart_init_full
 .text.stdio_uart_out_chars
                0x10009848       0x3c build\libraries\pico-sdk\src\rp2_common\pico_stdio_uart\stdio_uart.o
 .text.stdio_uart_in_chars
                0x10009884       0x58 build\libraries\pico-sdk\src\rp2_common\pico_stdio_uart\stdio_uart.o
                0x10009884                stdio_uart_in_chars
 .text.set_sys_clock_pll
                0x100098dc       0xa0 build\libraries\pico-sdk\src\rp2_common\pico_stdlib\stdlib.o
                0x100098dc                set_sys_clock_pll
 .text.check_sys_clock_khz
                0x1000997c       0xdc build\libraries\pico-sdk\src\rp2_common\pico_stdlib\stdlib.o
                0x1000997c                check_sys_clock_khz
 .text.rt_list_init
                0x10009a58       0x1e build\kernel\components\drivers\ipc\completion.o
 .text.rt_list_insert_before
                0x10009a76       0x2e build\kernel\components\drivers\ipc\completion.o
 .text.rt_list_isempty
                0x10009aa4       0x1e build\kernel\components\drivers\ipc\completion.o
 *fill*         0x10009ac2        0x2 
 .text.rt_completion_init
                0x10009ac4       0x4c build\kernel\components\drivers\ipc\completion.o
                0x10009ac4                rt_completion_init
 .text.rt_completion_wait
                0x10009b10      0x1b4 build\kernel\components\drivers\ipc\completion.o
                0x10009b10                rt_completion_wait
 .text.rt_completion_done
                0x10009cc4       0x78 build\kernel\components\drivers\ipc\completion.o
                0x10009cc4                rt_completion_done
 .text.rt_list_init
                0x10009d3c       0x1e build\kernel\components\drivers\ipc\dataqueue.o
 .text.rt_list_insert_before
                0x10009d5a       0x2e build\kernel\components\drivers\ipc\dataqueue.o
 .text.rt_list_isempty
                0x10009d88       0x1e build\kernel\components\drivers\ipc\dataqueue.o
 *fill*         0x10009da6        0x2 
 .text.rt_data_queue_init
                0x10009da8       0xe0 build\kernel\components\drivers\ipc\dataqueue.o
                0x10009da8                rt_data_queue_init
 .text.rt_data_queue_push
                0x10009e88      0x280 build\kernel\components\drivers\ipc\dataqueue.o
                0x10009e88                rt_data_queue_push
 .text.rt_data_queue_pop
                0x1000a108      0x2e4 build\kernel\components\drivers\ipc\dataqueue.o
                0x1000a108                rt_data_queue_pop
 .text.rt_data_queue_peek
                0x1000a3ec       0xa8 build\kernel\components\drivers\ipc\dataqueue.o
                0x1000a3ec                rt_data_queue_peek
 .text.rt_data_queue_reset
                0x1000a494      0x104 build\kernel\components\drivers\ipc\dataqueue.o
                0x1000a494                rt_data_queue_reset
 .text.rt_data_queue_deinit
                0x1000a598       0x78 build\kernel\components\drivers\ipc\dataqueue.o
                0x1000a598                rt_data_queue_deinit
 .text.rt_data_queue_len
                0x1000a610       0xd8 build\kernel\components\drivers\ipc\dataqueue.o
                0x1000a610                rt_data_queue_len
 .text._pin_read
                0x1000a6e8       0x64 build\kernel\components\drivers\misc\pin.o
 .text._pin_write
                0x1000a74c       0x60 build\kernel\components\drivers\misc\pin.o
 .text._pin_control
                0x1000a7ac       0x58 build\kernel\components\drivers\misc\pin.o
 .text.rt_device_pin_register
                0x1000a804       0x74 build\kernel\components\drivers\misc\pin.o
                0x1000a804                rt_device_pin_register
 .text.rt_pin_mode
                0x1000a878       0x48 build\kernel\components\drivers\misc\pin.o
                0x1000a878                rt_pin_mode
 .text.rt_pin_write
                0x1000a8c0       0x48 build\kernel\components\drivers\misc\pin.o
                0x1000a8c0                rt_pin_write
 .text.rt_pin_read
                0x1000a908       0x40 build\kernel\components\drivers\misc\pin.o
                0x1000a908                rt_pin_read
 .text.rt_pin_get
                0x1000a948       0x64 build\kernel\components\drivers\misc\pin.o
                0x1000a948                rt_pin_get
 .text._pin_cmd_conv
                0x1000a9ac       0xe4 build\kernel\components\drivers\misc\pin.o
 .text._pin_cmd_print_usage
                0x1000aa90       0x6c build\kernel\components\drivers\misc\pin.o
 .text._pin_cmd_get
                0x1000aafc       0x60 build\kernel\components\drivers\misc\pin.o
 .text._pin_cmd_mode
                0x1000ab5c      0x118 build\kernel\components\drivers\misc\pin.o
 .text._pin_cmd_read
                0x1000ac74       0xa8 build\kernel\components\drivers\misc\pin.o
 .text._pin_cmd_write
                0x1000ad1c       0xf8 build\kernel\components\drivers\misc\pin.o
 .text._pin_cmd
                0x1000ae14       0xbc build\kernel\components\drivers\misc\pin.o
 .text._serial_poll_rx
                0x1000aed0       0x84 build\kernel\components\drivers\serial\serial.o
 .text._serial_poll_tx
                0x1000af54       0x84 build\kernel\components\drivers\serial\serial.o
 .text._serial_int_rx
                0x1000afd8       0xe4 build\kernel\components\drivers\serial\serial.o
 .text._serial_int_tx
                0x1000b0bc       0xcc build\kernel\components\drivers\serial\serial.o
 .text._serial_check_buffer_size
                0x1000b188       0x40 build\kernel\components\drivers\serial\serial.o
 .text._serial_fifo_calc_recved_len
                0x1000b1c8       0x8c build\kernel\components\drivers\serial\serial.o
 .text.rt_dma_calc_recved_len
                0x1000b254       0x1a build\kernel\components\drivers\serial\serial.o
 *fill*         0x1000b26e        0x2 
 .text.rt_dma_recv_update_get_index
                0x1000b270       0xb0 build\kernel\components\drivers\serial\serial.o
 .text.rt_dma_recv_update_put_index
                0x1000b320       0xfc build\kernel\components\drivers\serial\serial.o
 .text._serial_dma_rx
                0x1000b41c      0x1b4 build\kernel\components\drivers\serial\serial.o
 .text._serial_dma_tx
                0x1000b5d0       0x7a build\kernel\components\drivers\serial\serial.o
 *fill*         0x1000b64a        0x2 
 .text.rt_serial_init
                0x1000b64c       0x74 build\kernel\components\drivers\serial\serial.o
 .text.rt_serial_open
                0x1000b6c0      0x3cc build\kernel\components\drivers\serial\serial.o
 .text.rt_serial_close
                0x1000ba8c      0x214 build\kernel\components\drivers\serial\serial.o
 .text.rt_serial_read
                0x1000bca0       0x8c build\kernel\components\drivers\serial\serial.o
 .text.rt_serial_write
                0x1000bd2c       0x8c build\kernel\components\drivers\serial\serial.o
 .text.rt_serial_control
                0x1000bdb8      0x108 build\kernel\components\drivers\serial\serial.o
 .text.rt_hw_serial_register
                0x1000bec0       0xa0 build\kernel\components\drivers\serial\serial.o
                0x1000bec0                rt_hw_serial_register
 .text.rt_hw_serial_isr
                0x1000bf60      0x28c build\kernel\components\drivers\serial\serial.o
                0x1000bf60                rt_hw_serial_isr
 .text.rt_list_isempty
                0x1000c1ec       0x1e build\kernel\components\finsh\cmd.o
 .text.rt_list_len
                0x1000c20a       0x32 build\kernel\components\finsh\cmd.o
 .text.clear    0x1000c23c       0x18 build\kernel\components\finsh\cmd.o
 .text.version  0x1000c254       0x10 build\kernel\components\finsh\cmd.o
                0x1000c254                version
 .text.object_split
                0x1000c264       0x28 build\kernel\components\finsh\cmd.o
 .text.list_find_init
                0x1000c28c       0x50 build\kernel\components\finsh\cmd.o
 .text.list_get_next
                0x1000c2dc       0xca build\kernel\components\finsh\cmd.o
 *fill*         0x1000c3a6        0x2 
 .text.list_thread
                0x1000c3a8      0x350 build\kernel\components\finsh\cmd.o
                0x1000c3a8                list_thread
 .text.show_wait_queue
                0x1000c6f8       0x54 build\kernel\components\finsh\cmd.o
 .text.list_sem
                0x1000c74c      0x138 build\kernel\components\finsh\cmd.o
                0x1000c74c                list_sem
 .text.list_event
                0x1000c884      0x128 build\kernel\components\finsh\cmd.o
                0x1000c884                list_event
 .text.list_mutex
                0x1000c9ac      0x170 build\kernel\components\finsh\cmd.o
                0x1000c9ac                list_mutex
 .text.list_mailbox
                0x1000cb1c      0x148 build\kernel\components\finsh\cmd.o
                0x1000cb1c                list_mailbox
 .text.list_msgqueue
                0x1000cc64      0x138 build\kernel\components\finsh\cmd.o
                0x1000cc64                list_msgqueue
 .text.list_mempool
                0x1000cd9c      0x15c build\kernel\components\finsh\cmd.o
                0x1000cd9c                list_mempool
 .text.list_timer
                0x1000cef8      0x140 build\kernel\components\finsh\cmd.o
                0x1000cef8                list_timer
 .text.list_device
                0x1000d038      0x110 build\kernel\components\finsh\cmd.o
                0x1000d038                list_device
 .text.cmd_list
                0x1000d148      0x1dc build\kernel\components\finsh\cmd.o
                0x1000d148                cmd_list
 .text.msh_help
                0x1000d324       0x60 build\kernel\components\finsh\msh.o
                0x1000d324                msh_help
 .text.cmd_ps   0x1000d384       0x18 build\kernel\components\finsh\msh.o
                0x1000d384                cmd_ps
 .text.cmd_free
                0x1000d39c       0x78 build\kernel\components\finsh\msh.o
                0x1000d39c                cmd_free
 .text.msh_split
                0x1000d414      0x178 build\kernel\components\finsh\msh.o
 .text.msh_get_cmd
                0x1000d58c       0x60 build\kernel\components\finsh\msh.o
 .text._msh_exec_cmd
                0x1000d5ec       0xdc build\kernel\components\finsh\msh.o
 .text.msh_exec
                0x1000d6c8       0x8c build\kernel\components\finsh\msh.o
                0x1000d6c8                msh_exec
 .text.str_common
                0x1000d754       0x46 build\kernel\components\finsh\msh.o
 *fill*         0x1000d79a        0x2 
 .text.msh_auto_complete
                0x1000d79c       0xc0 build\kernel\components\finsh\msh.o
                0x1000d79c                msh_auto_complete
 .text.msh_isint
                0x1000d85c       0x66 build\kernel\components\finsh\msh_parse.o
                0x1000d85c                msh_isint
 *fill*         0x1000d8c2        0x2 
 .text.finsh_get_prompt
                0x1000d8c4       0x80 build\kernel\components\finsh\shell.o
                0x1000d8c4                finsh_get_prompt
 .text.finsh_set_prompt_mode
                0x1000d944       0x54 build\kernel\components\finsh\shell.o
                0x1000d944                finsh_set_prompt_mode
 .text.finsh_getchar
                0x1000d998       0xa0 build\kernel\components\finsh\shell.o
                0x1000d998                finsh_getchar
 .text.finsh_rx_ind
                0x1000da38       0x40 build\kernel\components\finsh\shell.o
 .text.finsh_set_device
                0x1000da78       0xfc build\kernel\components\finsh\shell.o
                0x1000da78                finsh_set_device
 .text.shell_auto_complete
                0x1000db74       0x38 build\kernel\components\finsh\shell.o
 .text.shell_handle_history
                0x1000dbac       0x38 build\kernel\components\finsh\shell.o
 .text.shell_push_history
                0x1000dbe4      0x166 build\kernel\components\finsh\shell.o
 *fill*         0x1000dd4a        0x2 
 .text.finsh_thread_entry
                0x1000dd4c      0x648 build\kernel\components\finsh\shell.o
                0x1000dd4c                finsh_thread_entry
 .text.finsh_system_function_init
                0x1000e394       0x28 build\kernel\components\finsh\shell.o
                0x1000e394                finsh_system_function_init
 .text.finsh_system_init
                0x1000e3bc       0xac build\kernel\components\finsh\shell.o
                0x1000e3bc                finsh_system_init
 .text.__rt_libc_exit
                0x1000e468       0x54 build\kernel\components\libc\compilers\common\cstdlib.o
                0x1000e468                __rt_libc_exit
 .text._malloc_r
                0x1000e4bc       0x2c build\kernel\components\libc\compilers\newlib\syscalls.o
                0x1000e4bc                _malloc_r
 .text._calloc_r
                0x1000e4e8       0x32 build\kernel\components\libc\compilers\newlib\syscalls.o
                0x1000e4e8                _calloc_r
 .text._free_r  0x1000e51a       0x1a build\kernel\components\libc\compilers\newlib\syscalls.o
                0x1000e51a                _free_r
 .text._exit    0x1000e534       0x12 build\kernel\components\libc\compilers\newlib\syscalls.o
                0x1000e534                _exit
 *fill*         0x1000e546        0x2 
 .text          0x1000e548       0xec build\kernel\libcpu\arm\cortex-m0\context_gcc.o
                0x1000e548                rt_hw_interrupt_disable
                0x1000e550                rt_hw_interrupt_enable
                0x1000e556                rt_hw_context_switch_interrupt
                0x1000e556                rt_hw_context_switch
                0x1000e572                PendSV_Handler
                0x1000e5c6                rt_hw_context_switch_to
                0x1000e5fe                rt_hw_interrupt_thread_switch
                0x1000e602                HardFault_Handler
                0x1000e60e                rt_hw_interrupt_check
 .text.rt_hw_stack_init
                0x1000e634       0x84 build\kernel\libcpu\arm\cortex-m0\cpuport.o
                0x1000e634                rt_hw_stack_init
 .text.rt_hw_hard_fault_exception
                0x1000e6b8       0xb8 build\kernel\libcpu\arm\cortex-m0\cpuport.o
                0x1000e6b8                rt_hw_hard_fault_exception
 .text.rt_tick_get
                0x1000e770       0x14 build\kernel\src\clock.o
                0x1000e770                rt_tick_get
 .text.rt_tick_increase
                0x1000e784       0x84 build\kernel\src\clock.o
                0x1000e784                rt_tick_increase
 .text.rt_tick_from_millisecond
                0x1000e808       0x68 build\kernel\src\clock.o
                0x1000e808                rt_tick_from_millisecond
 .text.rti_start
                0x1000e870        0xc build\kernel\src\components.o
 .text.rti_board_start
                0x1000e87c        0xc build\kernel\src\components.o
 .text.rti_board_end
                0x1000e888        0xc build\kernel\src\components.o
 .text.rti_end  0x1000e894        0xc build\kernel\src\components.o
 .text.rt_components_init
                0x1000e8a0       0x30 build\kernel\src\components.o
                0x1000e8a0                rt_components_init
 .text.entry    0x1000e8d0       0x10 build\kernel\src\components.o
                0x1000e8d0                entry
 .text.main_thread_entry
                0x1000e8e0       0x18 build\kernel\src\components.o
                0x1000e8e0                main_thread_entry
 .text.rt_application_init
                0x1000e8f8       0x54 build\kernel\src\components.o
                0x1000e8f8                rt_application_init
 .text.rtthread_startup
                0x1000e94c       0x30 build\kernel\src\components.o
                0x1000e94c                rtthread_startup
 .text.rt_device_register
                0x1000e97c       0x56 build\kernel\src\device.o
                0x1000e97c                rt_device_register
 .text.rt_device_find
                0x1000e9d2       0x1c build\kernel\src\device.o
                0x1000e9d2                rt_device_find
 *fill*         0x1000e9ee        0x2 
 .text.rt_device_open
                0x1000e9f0      0x128 build\kernel\src\device.o
                0x1000e9f0                rt_device_open
 .text.rt_device_close
                0x1000eb18       0xa4 build\kernel\src\device.o
                0x1000eb18                rt_device_close
 .text.rt_device_read
                0x1000ebbc       0x90 build\kernel\src\device.o
                0x1000ebbc                rt_device_read
 .text.rt_device_write
                0x1000ec4c       0x90 build\kernel\src\device.o
                0x1000ec4c                rt_device_write
 .text.rt_device_set_rx_indicate
                0x1000ecdc       0x58 build\kernel\src\device.o
                0x1000ecdc                rt_device_set_rx_indicate
 .text.rt_list_insert_after
                0x1000ed34       0x2e build\kernel\src\idle.o
 .text.rt_list_remove
                0x1000ed62       0x32 build\kernel\src\idle.o
 .text.rt_thread_defunct_enqueue
                0x1000ed94       0x24 build\kernel\src\idle.o
                0x1000ed94                rt_thread_defunct_enqueue
 .text.rt_thread_defunct_dequeue
                0x1000edb8       0x48 build\kernel\src\idle.o
                0x1000edb8                rt_thread_defunct_dequeue
 .text.rt_defunct_execute
                0x1000ee00       0x68 build\kernel\src\idle.o
 .text.idle_thread_entry
                0x1000ee68       0x38 build\kernel\src\idle.o
 .text.rt_thread_idle_init
                0x1000eea0       0x7c build\kernel\src\idle.o
                0x1000eea0                rt_thread_idle_init
 .text.rt_list_init
                0x1000ef1c       0x1e build\kernel\src\ipc.o
 .text.rt_list_insert_after
                0x1000ef3a       0x2e build\kernel\src\ipc.o
 .text.rt_list_insert_before
                0x1000ef68       0x2e build\kernel\src\ipc.o
 .text.rt_list_remove
                0x1000ef96       0x32 build\kernel\src\ipc.o
 .text.rt_list_isempty
                0x1000efc8       0x1e build\kernel\src\ipc.o
 .text._ipc_object_init
                0x1000efe6       0x1c build\kernel\src\ipc.o
 *fill*         0x1000f002        0x2 
 .text._ipc_list_suspend
                0x1000f004       0xd4 build\kernel\src\ipc.o
 .text._ipc_list_resume
                0x1000f0d8       0x28 build\kernel\src\ipc.o
 .text.rt_sem_init
                0x1000f100       0xa0 build\kernel\src\ipc.o
                0x1000f100                rt_sem_init
 .text._rt_sem_take
                0x1000f1a0      0x1d4 build\kernel\src\ipc.o
 .text.rt_sem_take
                0x1000f374       0x20 build\kernel\src\ipc.o
                0x1000f374                rt_sem_take
 .text.rt_sem_release
                0x1000f394       0xd0 build\kernel\src\ipc.o
                0x1000f394                rt_sem_release
 .text._mutex_update_priority
                0x1000f464       0x3c build\kernel\src\ipc.o
 .text._thread_get_mutex_priority
                0x1000f4a0       0x86 build\kernel\src\ipc.o
 .text._thread_update_priority
                0x1000f526       0xb6 build\kernel\src\ipc.o
 .text.rt_mutex_init
                0x1000f5dc       0x74 build\kernel\src\ipc.o
                0x1000f5dc                rt_mutex_init
 .text.rt_mutex_drop_thread
                0x1000f650       0x98 build\kernel\src\ipc.o
                0x1000f650                rt_mutex_drop_thread
 .text._rt_mutex_take
                0x1000f6e8      0x320 build\kernel\src\ipc.o
 .text.rt_mutex_take
                0x1000fa08       0x20 build\kernel\src\ipc.o
                0x1000fa08                rt_mutex_take
 .text.rt_mutex_release
                0x1000fa28      0x200 build\kernel\src\ipc.o
                0x1000fa28                rt_mutex_release
 .text.rt_interrupt_enter
                0x1000fc28       0x44 build\kernel\src\irq.o
                0x1000fc28                rt_interrupt_enter
 .text.rt_interrupt_leave
                0x1000fc6c       0x44 build\kernel\src\irq.o
                0x1000fc6c                rt_interrupt_leave
 .text.rt_interrupt_get_nest
                0x1000fcb0       0x30 build\kernel\src\irq.o
                0x1000fcb0                rt_interrupt_get_nest
 .text.rt_strerror
                0x1000fce0       0x34 build\kernel\src\kservice.o
                0x1000fce0                rt_strerror
 .text.rt_set_errno
                0x1000fd14       0x44 build\kernel\src\kservice.o
                0x1000fd14                rt_set_errno
 .text.rt_memset
                0x1000fd58       0xce build\kernel\src\kservice.o
                0x1000fd58                rt_memset
 .text.rt_memcpy
                0x1000fe26       0xd4 build\kernel\src\kservice.o
                0x1000fe26                rt_memcpy
 .text.rt_memmove
                0x1000fefa       0x7e build\kernel\src\kservice.o
                0x1000fefa                rt_memmove
 .text.rt_strncpy
                0x1000ff78       0x60 build\kernel\src\kservice.o
                0x1000ff78                rt_strncpy
 .text.rt_strcpy
                0x1000ffd8       0x3c build\kernel\src\kservice.o
                0x1000ffd8                rt_strcpy
 .text.rt_strncmp
                0x10010014       0x5e build\kernel\src\kservice.o
                0x10010014                rt_strncmp
 .text.rt_strcmp
                0x10010072       0x40 build\kernel\src\kservice.o
                0x10010072                rt_strcmp
 .text.rt_strlen
                0x100100b2       0x2e build\kernel\src\kservice.o
                0x100100b2                rt_strlen
 .text.rt_show_version
                0x100100e0       0x50 build\kernel\src\kservice.o
                0x100100e0                rt_show_version
 .text.divide   0x10010130       0x3c build\kernel\src\kservice.o
 .text.skip_atoi
                0x1001016c       0x42 build\kernel\src\kservice.o
 *fill*         0x100101ae        0x2 
 .text.print_number
                0x100101b0      0x334 build\kernel\src\kservice.o
 .text.rt_vsnprintf
                0x100104e4      0x4ec build\kernel\src\kservice.o
                0x100104e4                rt_vsnprintf
 .text.rt_snprintf
                0x100109d0       0x36 build\kernel\src\kservice.o
                0x100109d0                rt_snprintf
 .text.rt_vsprintf
                0x10010a06       0x26 build\kernel\src\kservice.o
                0x10010a06                rt_vsprintf
 .text.rt_sprintf
                0x10010a2c       0x34 build\kernel\src\kservice.o
                0x10010a2c                rt_sprintf
 .text.rt_console_get_device
                0x10010a60       0x14 build\kernel\src\kservice.o
                0x10010a60                rt_console_get_device
 .text.rt_console_set_device
                0x10010a74       0x5c build\kernel\src\kservice.o
                0x10010a74                rt_console_set_device
 .text.rt_hw_console_output
                0x10010ad0       0x10 build\kernel\src\kservice.o
                0x10010ad0                rt_hw_console_output
 .text.rt_kprintf
                0x10010ae0       0x64 build\kernel\src\kservice.o
                0x10010ae0                rt_kprintf
 .text._heap_lock_init
                0x10010b44       0x20 build\kernel\src\kservice.o
 .text._heap_lock
                0x10010b64       0x2c build\kernel\src\kservice.o
 .text._heap_unlock
                0x10010b90       0x44 build\kernel\src\kservice.o
 .text._smem_info
                0x10010bd4       0x48 build\kernel\src\kservice.o
 .text.rt_system_heap_init
                0x10010c1c       0x68 build\kernel\src\kservice.o
                0x10010c1c                rt_system_heap_init
 .text.rt_malloc
                0x10010c84       0x50 build\kernel\src\kservice.o
                0x10010c84                rt_malloc
 .text.rt_calloc
                0x10010cd4       0x3a build\kernel\src\kservice.o
                0x10010cd4                rt_calloc
 *fill*         0x10010d0e        0x2 
 .text.rt_free  0x10010d10       0x48 build\kernel\src\kservice.o
                0x10010d10                rt_free
 .text.rt_memory_info
                0x10010d58       0x30 build\kernel\src\kservice.o
                0x10010d58                rt_memory_info
 .text.__rt_ffs
                0x10010d88       0x74 build\kernel\src\kservice.o
                0x10010d88                __rt_ffs
 .text.rt_assert_handler
                0x10010dfc       0x54 build\kernel\src\kservice.o
                0x10010dfc                rt_assert_handler
 .text.plug_holes
                0x10010e50       0xf8 build\kernel\src\mem.o
 .text.rt_smem_init
                0x10010f48      0x108 build\kernel\src\mem.o
                0x10010f48                rt_smem_init
 .text.rt_smem_alloc
                0x10011050      0x27c build\kernel\src\mem.o
                0x10011050                rt_smem_alloc
 .text.rt_smem_free
                0x100112cc      0x158 build\kernel\src\mem.o
                0x100112cc                rt_smem_free
 .text.rt_list_insert_after
                0x10011424       0x2e build\kernel\src\object.o
 .text.rt_list_remove
                0x10011452       0x32 build\kernel\src\object.o
 .text.rt_object_get_information
                0x10011484       0x48 build\kernel\src\object.o
                0x10011484                rt_object_get_information
 .text.rt_object_init
                0x100114cc       0xe0 build\kernel\src\object.o
                0x100114cc                rt_object_init
 .text.rt_object_detach
                0x100115ac       0x64 build\kernel\src\object.o